Archive member included to satisfy reference by file (symbol)

.\CortexM3\ARM_GCC_541\Debug\Design01.a(ADC1.o)
                              .\CortexM3\ARM_GCC_541\Debug\main.o (ADC1_Start)
.\CortexM3\ARM_GCC_541\Debug\Design01.a(ADC1_INT.o)
                              .\CortexM3\ARM_GCC_541\Debug\Design01.a(ADC1.o) (ADC1_ISR1)
.\CortexM3\ARM_GCC_541\Debug\Design01.a(ADC1_Ext_CP_Clk.o)
                              .\CortexM3\ARM_GCC_541\Debug\Design01.a(ADC1.o) (ADC1_Ext_CP_Clk_SetModeRegister)
.\CortexM3\ARM_GCC_541\Debug\Design01.a(ADC1_theACLK.o)
                              .\CortexM3\ARM_GCC_541\Debug\Design01.a(ADC1.o) (ADC1_theACLK_SetModeRegister)
.\CortexM3\ARM_GCC_541\Debug\Design01.a(CyLib.o)
                              .\CortexM3\ARM_GCC_541\Debug\Cm3Start.o (CyHalt)
.\CortexM3\ARM_GCC_541\Debug\Design01.a(cyPm.o)
                              .\CortexM3\ARM_GCC_541\Debug\Design01.a(CyLib.o) (CyPmReadStatus)
.\CortexM3\ARM_GCC_541\Debug\Design01.a(ADC1_AMux.o)
                              .\CortexM3\ARM_GCC_541\Debug\Design01.a(ADC1.o) (ADC1_AMux_Select)
.\CortexM3\ARM_GCC_541\Debug\Design01.a(LCD.o)
                              .\CortexM3\ARM_GCC_541\Debug\main.o (LCD_PrintString)
.\CortexM3\ARM_GCC_541\Debug\Design01.a(ADC2.o)
                              .\CortexM3\ARM_GCC_541\Debug\main.o (ADC2_Start)
.\CortexM3\ARM_GCC_541\Debug\Design01.a(ADC2_INT.o)
                              .\CortexM3\ARM_GCC_541\Debug\Design01.a(ADC2.o) (ADC2_ISR)
.\CortexM3\ARM_GCC_541\Debug\Design01.a(ADC2_theACLK.o)
                              .\CortexM3\ARM_GCC_541\Debug\Design01.a(ADC2.o) (ADC2_theACLK_SetModeRegister)
.\CortexM3\ARM_GCC_541\Debug\Design01.a(CyBootAsmGnu.o)
                              .\CortexM3\ARM_GCC_541\Debug\cyfitter_cfg.o (CyDelayCycles)
.\CortexM3\ARM_GCC_541\Debug\Design01.a(CyFlash.o)
                              .\CortexM3\ARM_GCC_541\Debug\Design01.a(cyPm.o) (CyFlash_SetWaitCycles)
.\CortexM3\ARM_GCC_541\Debug\Design01.a(CySpc.o)
                              .\CortexM3\ARM_GCC_541\Debug\Design01.a(CyFlash.o) (CySpcStart)
c:/program files (x86)/cypress/psoc creator/4.2/psoc creator/import/gnu/arm/5.4.1/bin/../lib/gcc/arm-none-eabi/5.4.1/armv7-m\libgcc.a(_arm_addsubdf3.o)
                              .\CortexM3\ARM_GCC_541\Debug\Design01.a(ADC1.o) (__aeabi_f2d)
c:/program files (x86)/cypress/psoc creator/4.2/psoc creator/import/gnu/arm/5.4.1/bin/../lib/gcc/arm-none-eabi/5.4.1/armv7-m\libgcc.a(_arm_cmpdf2.o)
                              .\CortexM3\ARM_GCC_541\Debug\Design01.a(ADC1.o) (__aeabi_dcmpgt)
c:/program files (x86)/cypress/psoc creator/4.2/psoc creator/import/gnu/arm/5.4.1/bin/../lib/gcc/arm-none-eabi/5.4.1/armv7-m\libgcc.a(_arm_addsubsf3.o)
                              .\CortexM3\ARM_GCC_541\Debug\Design01.a(ADC1.o) (__aeabi_ui2f)
c:/program files (x86)/cypress/psoc creator/4.2/psoc creator/import/gnu/arm/5.4.1/bin/../lib/gcc/arm-none-eabi/5.4.1/armv7-m\libgcc.a(_arm_muldivsf3.o)
                              .\CortexM3\ARM_GCC_541\Debug\Design01.a(ADC1.o) (__aeabi_fmul)
c:/program files (x86)/cypress/psoc creator/4.2/psoc creator/import/gnu/arm/5.4.1/bin/../lib/gcc/arm-none-eabi/5.4.1/armv7-m\libgcc.a(_arm_fixsfsi.o)
                              .\CortexM3\ARM_GCC_541\Debug\main.o (__aeabi_f2iz)
c:/program files (x86)/cypress/psoc creator/4.2/psoc creator/import/gnu/arm/5.4.1/bin/../lib/gcc/arm-none-eabi/5.4.1/armv7-m\libgcc.a(_arm_fixunssfsi.o)
                              .\CortexM3\ARM_GCC_541\Debug\Design01.a(ADC1.o) (__aeabi_f2uiz)
c:/program files (x86)/cypress/psoc creator/4.2/psoc creator/import/gnu/arm/5.4.1/bin/../lib/gcc/arm-none-eabi/5.4.1/armv7-m\libgcc.a(_aeabi_ldivmod.o)
                              .\CortexM3\ARM_GCC_541\Debug\Design01.a(ADC2.o) (__aeabi_ldivmod)
c:/program files (x86)/cypress/psoc creator/4.2/psoc creator/import/gnu/arm/5.4.1/bin/../lib/gcc/arm-none-eabi/5.4.1/armv7-m\libgcc.a(_udivmoddi4.o)
                              c:/program files (x86)/cypress/psoc creator/4.2/psoc creator/import/gnu/arm/5.4.1/bin/../lib/gcc/arm-none-eabi/5.4.1/armv7-m\libgcc.a(_aeabi_ldivmod.o) (__udivmoddi4)
c:/program files (x86)/cypress/psoc creator/4.2/psoc creator/import/gnu/arm/5.4.1/bin/../lib/gcc/arm-none-eabi/5.4.1/armv7-m\libgcc.a(_dvmd_tls.o)
                              c:/program files (x86)/cypress/psoc creator/4.2/psoc creator/import/gnu/arm/5.4.1/bin/../lib/gcc/arm-none-eabi/5.4.1/armv7-m\libgcc.a(_aeabi_ldivmod.o) (__aeabi_ldiv0)
c:/program files (x86)/cypress/psoc creator/4.2/psoc creator/import/gnu/arm/5.4.1/bin/../lib/gcc/arm-none-eabi/5.4.1/../../../../arm-none-eabi/lib/armv7-m\libg_nano.a(lib_a-errno.o)
                              .\CortexM3\ARM_GCC_541\Debug\Cm3Start.o (__errno)
c:/program files (x86)/cypress/psoc creator/4.2/psoc creator/import/gnu/arm/5.4.1/bin/../lib/gcc/arm-none-eabi/5.4.1/../../../../arm-none-eabi/lib/armv7-m\libg_nano.a(lib_a-exit.o)
                              c:/program files (x86)/cypress/psoc creator/4.2/psoc creator/import/gnu/arm/5.4.1/bin/../lib/gcc/arm-none-eabi/5.4.1/../../../../arm-none-eabi/lib/armv7-m/crt0.o (exit)
c:/program files (x86)/cypress/psoc creator/4.2/psoc creator/import/gnu/arm/5.4.1/bin/../lib/gcc/arm-none-eabi/5.4.1/../../../../arm-none-eabi/lib/armv7-m\libg_nano.a(lib_a-impure.o)
                              c:/program files (x86)/cypress/psoc creator/4.2/psoc creator/import/gnu/arm/5.4.1/bin/../lib/gcc/arm-none-eabi/5.4.1/../../../../arm-none-eabi/lib/armv7-m\libg_nano.a(lib_a-exit.o) (_global_impure_ptr)
c:/program files (x86)/cypress/psoc creator/4.2/psoc creator/import/gnu/arm/5.4.1/bin/../lib/gcc/arm-none-eabi/5.4.1/../../../../arm-none-eabi/lib/armv7-m\libg_nano.a(lib_a-init.o)
                              c:/program files (x86)/cypress/psoc creator/4.2/psoc creator/import/gnu/arm/5.4.1/bin/../lib/gcc/arm-none-eabi/5.4.1/../../../../arm-none-eabi/lib/armv7-m/crt0.o (__libc_init_array)
c:/program files (x86)/cypress/psoc creator/4.2/psoc creator/import/gnu/arm/5.4.1/bin/../lib/gcc/arm-none-eabi/5.4.1/../../../../arm-none-eabi/lib/armv7-m\libg_nano.a(lib_a-memcpy-stub.o)
                              .\CortexM3\ARM_GCC_541\Debug\cyfitter_cfg.o (memcpy)
c:/program files (x86)/cypress/psoc creator/4.2/psoc creator/import/gnu/arm/5.4.1/bin/../lib/gcc/arm-none-eabi/5.4.1/../../../../arm-none-eabi/lib/armv7-m\libg_nano.a(lib_a-memset.o)
                              c:/program files (x86)/cypress/psoc creator/4.2/psoc creator/import/gnu/arm/5.4.1/bin/../lib/gcc/arm-none-eabi/5.4.1/../../../../arm-none-eabi/lib/armv7-m/crt0.o (memset)

Allocating common symbols
Common symbol       size              file

ADC2_countsPer10Volt
                    0x4               .\CortexM3\ARM_GCC_541\Debug\Design01.a(ADC2.o)
ADC1_CountsPerVolt  0x4               .\CortexM3\ARM_GCC_541\Debug\Design01.a(ADC1.o)
ADC2_countsPerVolt  0x2               .\CortexM3\ARM_GCC_541\Debug\Design01.a(ADC2.o)
data_Average        0x14              .\CortexM3\ARM_GCC_541\Debug\main.o
ADC2_offset         0x2               .\CortexM3\ARM_GCC_541\Debug\Design01.a(ADC2.o)
index1              0x1               .\CortexM3\ARM_GCC_541\Debug\main.o
data                0x4               .\CortexM3\ARM_GCC_541\Debug\main.o
ADC2_shift          0x2               .\CortexM3\ARM_GCC_541\Debug\Design01.a(ADC2.o)
data_ref            0x4               .\CortexM3\ARM_GCC_541\Debug\main.o
dieTemperature      0x2               .\CortexM3\ARM_GCC_541\Debug\Design01.a(CyFlash.o)

Discarded input sections

 .text          0x00000000        0x0 c:/program files (x86)/cypress/psoc creator/4.2/psoc creator/import/gnu/arm/5.4.1/bin/../lib/gcc/arm-none-eabi/5.4.1/armv7-m/crti.o
 .data          0x00000000        0x0 c:/program files (x86)/cypress/psoc creator/4.2/psoc creator/import/gnu/arm/5.4.1/bin/../lib/gcc/arm-none-eabi/5.4.1/armv7-m/crti.o
 .bss           0x00000000        0x0 c:/program files (x86)/cypress/psoc creator/4.2/psoc creator/import/gnu/arm/5.4.1/bin/../lib/gcc/arm-none-eabi/5.4.1/armv7-m/crti.o
 .data          0x00000000        0x4 c:/program files (x86)/cypress/psoc creator/4.2/psoc creator/import/gnu/arm/5.4.1/bin/../lib/gcc/arm-none-eabi/5.4.1/armv7-m/crtbegin.o
 .text          0x00000000       0x74 c:/program files (x86)/cypress/psoc creator/4.2/psoc creator/import/gnu/arm/5.4.1/bin/../lib/gcc/arm-none-eabi/5.4.1/../../../../arm-none-eabi/lib/armv7-m/crt0.o
 .data          0x00000000        0x0 c:/program files (x86)/cypress/psoc creator/4.2/psoc creator/import/gnu/arm/5.4.1/bin/../lib/gcc/arm-none-eabi/5.4.1/../../../../arm-none-eabi/lib/armv7-m/crt0.o
 .bss           0x00000000        0x0 c:/program files (x86)/cypress/psoc creator/4.2/psoc creator/import/gnu/arm/5.4.1/bin/../lib/gcc/arm-none-eabi/5.4.1/../../../../arm-none-eabi/lib/armv7-m/crt0.o
 .ARM.extab     0x00000000        0x0 c:/program files (x86)/cypress/psoc creator/4.2/psoc creator/import/gnu/arm/5.4.1/bin/../lib/gcc/arm-none-eabi/5.4.1/../../../../arm-none-eabi/lib/armv7-m/crt0.o
 .ARM.exidx     0x00000000        0x8 c:/program files (x86)/cypress/psoc creator/4.2/psoc creator/import/gnu/arm/5.4.1/bin/../lib/gcc/arm-none-eabi/5.4.1/../../../../arm-none-eabi/lib/armv7-m/crt0.o
 .text          0x00000000        0x0 .\CortexM3\ARM_GCC_541\Debug\main.o
 .data          0x00000000        0x0 .\CortexM3\ARM_GCC_541\Debug\main.o
 .text.Get_Medida
                0x00000000       0x40 .\CortexM3\ARM_GCC_541\Debug\main.o
 .text          0x00000000        0x0 .\CortexM3\ARM_GCC_541\Debug\cyfitter_cfg.o
 .data          0x00000000        0x0 .\CortexM3\ARM_GCC_541\Debug\cyfitter_cfg.o
 .bss           0x00000000        0x0 .\CortexM3\ARM_GCC_541\Debug\cyfitter_cfg.o
 .text.SetAnalogRoutingPumps
                0x00000000       0x1c .\CortexM3\ARM_GCC_541\Debug\cyfitter_cfg.o
 .text          0x00000000        0x0 .\CortexM3\ARM_GCC_541\Debug\cymetadata.o
 .data          0x00000000        0x0 .\CortexM3\ARM_GCC_541\Debug\cymetadata.o
 .bss           0x00000000        0x0 .\CortexM3\ARM_GCC_541\Debug\cymetadata.o
 .text          0x00000000        0x0 .\CortexM3\ARM_GCC_541\Debug\Cm3Start.o
 .data          0x00000000        0x4 .\CortexM3\ARM_GCC_541\Debug\Cm3Start.o
 .bss           0x00000000        0x0 .\CortexM3\ARM_GCC_541\Debug\Cm3Start.o
 .text._exit    0x00000000        0xc .\CortexM3\ARM_GCC_541\Debug\Cm3Start.o
 .text._sbrk    0x00000000       0x30 .\CortexM3\ARM_GCC_541\Debug\Cm3Start.o
 .text          0x00000000        0x0 .\CortexM3\ARM_GCC_541\Debug\Design01.a(ADC1.o)
 .text.ADC1_Stop
                0x00000000       0xe4 .\CortexM3\ARM_GCC_541\Debug\Design01.a(ADC1.o)
 .text.ADC1_SetBufferGain
                0x00000000       0x18 .\CortexM3\ARM_GCC_541\Debug\Design01.a(ADC1.o)
 .text.ADC1_SetCoherency
                0x00000000       0x18 .\CortexM3\ARM_GCC_541\Debug\Design01.a(ADC1.o)
 .text.ADC1_SetGCOR
                0x00000000       0x74 .\CortexM3\ARM_GCC_541\Debug\Design01.a(ADC1.o)
 .text.ADC1_ReadGCOR
                0x00000000       0x24 .\CortexM3\ARM_GCC_541\Debug\Design01.a(ADC1.o)
 .text.ADC1_StopConvert
                0x00000000       0x10 .\CortexM3\ARM_GCC_541\Debug\Design01.a(ADC1.o)
 .text.ADC1_GetResult8
                0x00000000       0x48 .\CortexM3\ARM_GCC_541\Debug\Design01.a(ADC1.o)
 .text.ADC1_GetResult16
                0x00000000       0x50 .\CortexM3\ARM_GCC_541\Debug\Design01.a(ADC1.o)
 .text.ADC1_SetOffset
                0x00000000        0xc .\CortexM3\ARM_GCC_541\Debug\Design01.a(ADC1.o)
 .text.ADC1_SetGain
                0x00000000        0xc .\CortexM3\ARM_GCC_541\Debug\Design01.a(ADC1.o)
 .text.ADC1_CountsTo_Volts
                0x00000000       0x28 .\CortexM3\ARM_GCC_541\Debug\Design01.a(ADC1.o)
 .text.ADC1_CountsTo_uVolts
                0x00000000       0x78 .\CortexM3\ARM_GCC_541\Debug\Design01.a(ADC1.o)
 .text.ADC1_SelectConfiguration
                0x00000000       0x64 .\CortexM3\ARM_GCC_541\Debug\Design01.a(ADC1.o)
 .text.ADC1_Read8
                0x00000000       0x28 .\CortexM3\ARM_GCC_541\Debug\Design01.a(ADC1.o)
 .text.ADC1_Read16
                0x00000000       0x28 .\CortexM3\ARM_GCC_541\Debug\Design01.a(ADC1.o)
 .text.ADC1_Read32
                0x00000000       0x28 .\CortexM3\ARM_GCC_541\Debug\Design01.a(ADC1.o)
 .text          0x00000000        0x0 .\CortexM3\ARM_GCC_541\Debug\Design01.a(ADC1_INT.o)
 .data          0x00000000        0x0 .\CortexM3\ARM_GCC_541\Debug\Design01.a(ADC1_INT.o)
 .bss           0x00000000        0x0 .\CortexM3\ARM_GCC_541\Debug\Design01.a(ADC1_INT.o)
 .text          0x00000000        0x0 .\CortexM3\ARM_GCC_541\Debug\Design01.a(ADC1_Ext_CP_Clk.o)
 .data          0x00000000        0x0 .\CortexM3\ARM_GCC_541\Debug\Design01.a(ADC1_Ext_CP_Clk.o)
 .bss           0x00000000        0x0 .\CortexM3\ARM_GCC_541\Debug\Design01.a(ADC1_Ext_CP_Clk.o)
 .text.ADC1_Ext_CP_Clk_Start
                0x00000000       0x1c .\CortexM3\ARM_GCC_541\Debug\Design01.a(ADC1_Ext_CP_Clk.o)
 .text.ADC1_Ext_CP_Clk_Stop
                0x00000000       0x1c .\CortexM3\ARM_GCC_541\Debug\Design01.a(ADC1_Ext_CP_Clk.o)
 .text.ADC1_Ext_CP_Clk_StopBlock
                0x00000000       0x6c .\CortexM3\ARM_GCC_541\Debug\Design01.a(ADC1_Ext_CP_Clk.o)
 .text.ADC1_Ext_CP_Clk_StandbyPower
                0x00000000       0x20 .\CortexM3\ARM_GCC_541\Debug\Design01.a(ADC1_Ext_CP_Clk.o)
 .text.ADC1_Ext_CP_Clk_ClearModeRegister
                0x00000000       0x18 .\CortexM3\ARM_GCC_541\Debug\Design01.a(ADC1_Ext_CP_Clk.o)
 .text.ADC1_Ext_CP_Clk_GetModeRegister
                0x00000000       0x10 .\CortexM3\ARM_GCC_541\Debug\Design01.a(ADC1_Ext_CP_Clk.o)
 .text.ADC1_Ext_CP_Clk_SetSourceRegister
                0x00000000       0x5c .\CortexM3\ARM_GCC_541\Debug\Design01.a(ADC1_Ext_CP_Clk.o)
 .text          0x00000000        0x0 .\CortexM3\ARM_GCC_541\Debug\Design01.a(ADC1_theACLK.o)
 .data          0x00000000        0x0 .\CortexM3\ARM_GCC_541\Debug\Design01.a(ADC1_theACLK.o)
 .bss           0x00000000        0x0 .\CortexM3\ARM_GCC_541\Debug\Design01.a(ADC1_theACLK.o)
 .text.ADC1_theACLK_Start
                0x00000000       0x1c .\CortexM3\ARM_GCC_541\Debug\Design01.a(ADC1_theACLK.o)
 .text.ADC1_theACLK_Stop
                0x00000000       0x1c .\CortexM3\ARM_GCC_541\Debug\Design01.a(ADC1_theACLK.o)
 .text.ADC1_theACLK_StopBlock
                0x00000000       0x70 .\CortexM3\ARM_GCC_541\Debug\Design01.a(ADC1_theACLK.o)
 .text.ADC1_theACLK_StandbyPower
                0x00000000       0x20 .\CortexM3\ARM_GCC_541\Debug\Design01.a(ADC1_theACLK.o)
 .text.ADC1_theACLK_ClearModeRegister
                0x00000000       0x18 .\CortexM3\ARM_GCC_541\Debug\Design01.a(ADC1_theACLK.o)
 .text.ADC1_theACLK_GetModeRegister
                0x00000000       0x10 .\CortexM3\ARM_GCC_541\Debug\Design01.a(ADC1_theACLK.o)
 .text.ADC1_theACLK_SetSourceRegister
                0x00000000       0x5c .\CortexM3\ARM_GCC_541\Debug\Design01.a(ADC1_theACLK.o)
 .text.ADC1_theACLK_SetPhaseRegister
                0x00000000       0x10 .\CortexM3\ARM_GCC_541\Debug\Design01.a(ADC1_theACLK.o)
 .text.ADC1_theACLK_GetPhaseRegister
                0x00000000       0x10 .\CortexM3\ARM_GCC_541\Debug\Design01.a(ADC1_theACLK.o)
 .text          0x00000000        0x0 .\CortexM3\ARM_GCC_541\Debug\Design01.a(CyLib.o)
 .bss           0x00000000       0x1c .\CortexM3\ARM_GCC_541\Debug\Design01.a(CyLib.o)
 .text.CyUSB_PowerOnCheck
                0x00000000       0x48 .\CortexM3\ARM_GCC_541\Debug\Design01.a(CyLib.o)
 .text.CyBusClk_Internal_SetDivider
                0x00000000       0x48 .\CortexM3\ARM_GCC_541\Debug\Design01.a(CyLib.o)
 .text.CyPLL_OUT_Stop
                0x00000000       0x10 .\CortexM3\ARM_GCC_541\Debug\Design01.a(CyLib.o)
 .text.CyIMO_Stop
                0x00000000       0x1c .\CortexM3\ARM_GCC_541\Debug\Design01.a(CyLib.o)
 .text.CyIMO_EnableDoubler
                0x00000000       0x10 .\CortexM3\ARM_GCC_541\Debug\Design01.a(CyLib.o)
 .text.CyIMO_DisableDoubler
                0x00000000       0x10 .\CortexM3\ARM_GCC_541\Debug\Design01.a(CyLib.o)
 .text.CyMasterClk_SetSource
                0x00000000       0x18 .\CortexM3\ARM_GCC_541\Debug\Design01.a(CyLib.o)
 .text.CyMasterClk_SetDivider
                0x00000000        0xc .\CortexM3\ARM_GCC_541\Debug\Design01.a(CyLib.o)
 .text.CyBusClk_SetDivider
                0x00000000       0x70 .\CortexM3\ARM_GCC_541\Debug\Design01.a(CyLib.o)
 .text.CyUsbClk_SetSource
                0x00000000       0x18 .\CortexM3\ARM_GCC_541\Debug\Design01.a(CyLib.o)
 .text.CyILO_Start1K
                0x00000000       0x10 .\CortexM3\ARM_GCC_541\Debug\Design01.a(CyLib.o)
 .text.CyILO_Stop1K
                0x00000000       0x10 .\CortexM3\ARM_GCC_541\Debug\Design01.a(CyLib.o)
 .text.CyILO_Start100K
                0x00000000       0x10 .\CortexM3\ARM_GCC_541\Debug\Design01.a(CyLib.o)
 .text.CyILO_Stop100K
                0x00000000       0x10 .\CortexM3\ARM_GCC_541\Debug\Design01.a(CyLib.o)
 .text.CyPLL_OUT_Start
                0x00000000       0x78 .\CortexM3\ARM_GCC_541\Debug\Design01.a(CyLib.o)
 .text.CyIMO_Start
                0x00000000       0x60 .\CortexM3\ARM_GCC_541\Debug\Design01.a(CyLib.o)
 .text.CyILO_Enable33K
                0x00000000       0x10 .\CortexM3\ARM_GCC_541\Debug\Design01.a(CyLib.o)
 .text.CyILO_Disable33K
                0x00000000       0x10 .\CortexM3\ARM_GCC_541\Debug\Design01.a(CyLib.o)
 .text.CyILO_SetSource
                0x00000000       0x18 .\CortexM3\ARM_GCC_541\Debug\Design01.a(CyLib.o)
 .text.CyILO_SetPowerMode
                0x00000000       0x24 .\CortexM3\ARM_GCC_541\Debug\Design01.a(CyLib.o)
 .text.CyXTAL_32KHZ_Stop
                0x00000000       0x30 .\CortexM3\ARM_GCC_541\Debug\Design01.a(CyLib.o)
 .text.CyXTAL_32KHZ_ReadStatus
                0x00000000       0x10 .\CortexM3\ARM_GCC_541\Debug\Design01.a(CyLib.o)
 .text.CyXTAL_Start
                0x00000000       0xac .\CortexM3\ARM_GCC_541\Debug\Design01.a(CyLib.o)
 .text.CyXTAL_Stop
                0x00000000       0x10 .\CortexM3\ARM_GCC_541\Debug\Design01.a(CyLib.o)
 .text.CyXTAL_EnableErrStatus
                0x00000000       0x10 .\CortexM3\ARM_GCC_541\Debug\Design01.a(CyLib.o)
 .text.CyXTAL_DisableErrStatus
                0x00000000       0x10 .\CortexM3\ARM_GCC_541\Debug\Design01.a(CyLib.o)
 .text.CyXTAL_ReadStatus
                0x00000000       0x18 .\CortexM3\ARM_GCC_541\Debug\Design01.a(CyLib.o)
 .text.CyXTAL_EnableFaultRecovery
                0x00000000       0x10 .\CortexM3\ARM_GCC_541\Debug\Design01.a(CyLib.o)
 .text.CyXTAL_DisableFaultRecovery
                0x00000000       0x10 .\CortexM3\ARM_GCC_541\Debug\Design01.a(CyLib.o)
 .text.CyXTAL_SetStartup
                0x00000000       0x18 .\CortexM3\ARM_GCC_541\Debug\Design01.a(CyLib.o)
 .text.CyXTAL_SetFbVoltage
                0x00000000       0x18 .\CortexM3\ARM_GCC_541\Debug\Design01.a(CyLib.o)
 .text.CyXTAL_SetWdVoltage
                0x00000000       0x18 .\CortexM3\ARM_GCC_541\Debug\Design01.a(CyLib.o)
 .text.CyPLL_OUT_SetPQ
                0x00000000       0x60 .\CortexM3\ARM_GCC_541\Debug\Design01.a(CyLib.o)
 .text.CyPLL_OUT_SetSource
                0x00000000       0x34 .\CortexM3\ARM_GCC_541\Debug\Design01.a(CyLib.o)
 .text.CyIMO_SetTrimValue
                0x00000000       0xcc .\CortexM3\ARM_GCC_541\Debug\Design01.a(CyLib.o)
 .text.CyIMO_SetFreq
                0x00000000       0xf4 .\CortexM3\ARM_GCC_541\Debug\Design01.a(CyLib.o)
 .text.CyIMO_SetSource
                0x00000000       0x58 .\CortexM3\ARM_GCC_541\Debug\Design01.a(CyLib.o)
 .text.CySoftwareReset
                0x00000000       0x10 .\CortexM3\ARM_GCC_541\Debug\Design01.a(CyLib.o)
 .text.CyXTAL_32KHZ_SetPowerMode
                0x00000000       0x84 .\CortexM3\ARM_GCC_541\Debug\Design01.a(CyLib.o)
 .text.CyXTAL_32KHZ_Start
                0x00000000       0x74 .\CortexM3\ARM_GCC_541\Debug\Design01.a(CyLib.o)
 .text.CyDelayFreq
                0x00000000       0x4c .\CortexM3\ARM_GCC_541\Debug\Design01.a(CyLib.o)
 .text.CyWdtStart
                0x00000000       0x40 .\CortexM3\ARM_GCC_541\Debug\Design01.a(CyLib.o)
 .text.CyWdtClear
                0x00000000        0xc .\CortexM3\ARM_GCC_541\Debug\Design01.a(CyLib.o)
 .text.CyVdStickyStatus
                0x00000000       0x2c .\CortexM3\ARM_GCC_541\Debug\Design01.a(CyLib.o)
 .text.CyVdLvDigitEnable
                0x00000000       0x84 .\CortexM3\ARM_GCC_541\Debug\Design01.a(CyLib.o)
 .text.CyVdLvAnalogEnable
                0x00000000       0x80 .\CortexM3\ARM_GCC_541\Debug\Design01.a(CyLib.o)
 .text.CyVdLvDigitDisable
                0x00000000       0x30 .\CortexM3\ARM_GCC_541\Debug\Design01.a(CyLib.o)
 .text.CyVdLvAnalogDisable
                0x00000000       0x28 .\CortexM3\ARM_GCC_541\Debug\Design01.a(CyLib.o)
 .text.CyVdHvAnalogEnable
                0x00000000       0x54 .\CortexM3\ARM_GCC_541\Debug\Design01.a(CyLib.o)
 .text.CyVdHvAnalogDisable
                0x00000000       0x20 .\CortexM3\ARM_GCC_541\Debug\Design01.a(CyLib.o)
 .text.CyVdRealTimeStatus
                0x00000000       0x1c .\CortexM3\ARM_GCC_541\Debug\Design01.a(CyLib.o)
 .text.CyDisableInts
                0x00000000       0x1c .\CortexM3\ARM_GCC_541\Debug\Design01.a(CyLib.o)
 .text.CyEnableInts
                0x00000000       0x18 .\CortexM3\ARM_GCC_541\Debug\Design01.a(CyLib.o)
 .text.CyFlushCache
                0x00000000       0x44 .\CortexM3\ARM_GCC_541\Debug\Design01.a(CyLib.o)
 .text.CyIntSetSysVector
                0x00000000       0x28 .\CortexM3\ARM_GCC_541\Debug\Design01.a(CyLib.o)
 .text.CyIntGetSysVector
                0x00000000       0x20 .\CortexM3\ARM_GCC_541\Debug\Design01.a(CyLib.o)
 .text.CyIntGetVector
                0x00000000       0x24 .\CortexM3\ARM_GCC_541\Debug\Design01.a(CyLib.o)
 .text.CyIntGetPriority
                0x00000000       0x20 .\CortexM3\ARM_GCC_541\Debug\Design01.a(CyLib.o)
 .text.CyIntGetState
                0x00000000       0x24 .\CortexM3\ARM_GCC_541\Debug\Design01.a(CyLib.o)
 .text.CySysTickStop
                0x00000000       0x10 .\CortexM3\ARM_GCC_541\Debug\Design01.a(CyLib.o)
 .text.CySysTickEnableInterrupt
                0x00000000       0x10 .\CortexM3\ARM_GCC_541\Debug\Design01.a(CyLib.o)
 .text.CySysTickEnable
                0x00000000       0x18 .\CortexM3\ARM_GCC_541\Debug\Design01.a(CyLib.o)
 .text.CySysTickDisableInterrupt
                0x00000000       0x10 .\CortexM3\ARM_GCC_541\Debug\Design01.a(CyLib.o)
 .text.CySysTickSetReload
                0x00000000       0x10 .\CortexM3\ARM_GCC_541\Debug\Design01.a(CyLib.o)
 .text.CySysTickGetReload
                0x00000000       0x10 .\CortexM3\ARM_GCC_541\Debug\Design01.a(CyLib.o)
 .text.CySysTickGetValue
                0x00000000       0x10 .\CortexM3\ARM_GCC_541\Debug\Design01.a(CyLib.o)
 .text.CySysTickSetClockSource
                0x00000000       0x20 .\CortexM3\ARM_GCC_541\Debug\Design01.a(CyLib.o)
 .text.CySysTickGetClockSource
                0x00000000       0x10 .\CortexM3\ARM_GCC_541\Debug\Design01.a(CyLib.o)
 .text.CySysTickGetCountFlag
                0x00000000       0x10 .\CortexM3\ARM_GCC_541\Debug\Design01.a(CyLib.o)
 .text.CySysTickServiceCallbacks
                0x00000000       0x28 .\CortexM3\ARM_GCC_541\Debug\Design01.a(CyLib.o)
 .text.CySysTickClear
                0x00000000        0xc .\CortexM3\ARM_GCC_541\Debug\Design01.a(CyLib.o)
 .text.CySysTickInit
                0x00000000       0x58 .\CortexM3\ARM_GCC_541\Debug\Design01.a(CyLib.o)
 .text.CySysTickStart
                0x00000000       0x1c .\CortexM3\ARM_GCC_541\Debug\Design01.a(CyLib.o)
 .text.CySysTickSetCallback
                0x00000000       0x10 .\CortexM3\ARM_GCC_541\Debug\Design01.a(CyLib.o)
 .text.CySysTickGetCallback
                0x00000000       0x10 .\CortexM3\ARM_GCC_541\Debug\Design01.a(CyLib.o)
 .text.CyGetUniqueId
                0x00000000       0x70 .\CortexM3\ARM_GCC_541\Debug\Design01.a(CyLib.o)
 .text          0x00000000        0x0 .\CortexM3\ARM_GCC_541\Debug\Design01.a(cyPm.o)
 .data          0x00000000        0x0 .\CortexM3\ARM_GCC_541\Debug\Design01.a(cyPm.o)
 .bss           0x00000000       0x43 .\CortexM3\ARM_GCC_541\Debug\Design01.a(cyPm.o)
 .text.CyPmHibSlpSaveSet
                0x00000000      0x1dc .\CortexM3\ARM_GCC_541\Debug\Design01.a(cyPm.o)
 .text.CyPmHibSlpRestore
                0x00000000       0xd8 .\CortexM3\ARM_GCC_541\Debug\Design01.a(cyPm.o)
 .text.CyPmHviLviSaveDisable
                0x00000000       0xa0 .\CortexM3\ARM_GCC_541\Debug\Design01.a(cyPm.o)
 .text.CyPmHibSaveSet
                0x00000000       0x98 .\CortexM3\ARM_GCC_541\Debug\Design01.a(cyPm.o)
 .text.CyPmHviLviRestore
                0x00000000       0x48 .\CortexM3\ARM_GCC_541\Debug\Design01.a(cyPm.o)
 .text.CyPmHibRestore
                0x00000000       0x60 .\CortexM3\ARM_GCC_541\Debug\Design01.a(cyPm.o)
 .text.CyPmSaveClocks
                0x00000000      0x218 .\CortexM3\ARM_GCC_541\Debug\Design01.a(cyPm.o)
 .text.CyPmRestoreClocks
                0x00000000      0x24c .\CortexM3\ARM_GCC_541\Debug\Design01.a(cyPm.o)
 .text.CyPmAltAct
                0x00000000       0x6c .\CortexM3\ARM_GCC_541\Debug\Design01.a(cyPm.o)
 .text.CyPmSleep
                0x00000000       0xf4 .\CortexM3\ARM_GCC_541\Debug\Design01.a(cyPm.o)
 .text.CyPmHibernateEx
                0x00000000       0xf4 .\CortexM3\ARM_GCC_541\Debug\Design01.a(cyPm.o)
 .text.CyPmHibernate
                0x00000000        0xc .\CortexM3\ARM_GCC_541\Debug\Design01.a(cyPm.o)
 .text.CyPmReadStatus
                0x00000000       0x30 .\CortexM3\ARM_GCC_541\Debug\Design01.a(cyPm.o)
 .text.CyPmCtwSetInterval
                0x00000000       0x5c .\CortexM3\ARM_GCC_541\Debug\Design01.a(cyPm.o)
 .text.CyPmOppsSet
                0x00000000       0x2c .\CortexM3\ARM_GCC_541\Debug\Design01.a(cyPm.o)
 .text.CyPmFtwSetInterval
                0x00000000       0x5c .\CortexM3\ARM_GCC_541\Debug\Design01.a(cyPm.o)
 .rodata        0x00000000        0xf .\CortexM3\ARM_GCC_541\Debug\Design01.a(cyPm.o)
 .text          0x00000000        0x0 .\CortexM3\ARM_GCC_541\Debug\Design01.a(ADC1_AMux.o)
 .bss           0x00000000        0x0 .\CortexM3\ARM_GCC_541\Debug\Design01.a(ADC1_AMux.o)
 .text.ADC1_AMux_FastSelect
                0x00000000       0x20 .\CortexM3\ARM_GCC_541\Debug\Design01.a(ADC1_AMux.o)
 .text          0x00000000        0x0 .\CortexM3\ARM_GCC_541\Debug\Design01.a(LCD.o)
 .data          0x00000000        0x0 .\CortexM3\ARM_GCC_541\Debug\Design01.a(LCD.o)
 .text.LCD_PutChar
                0x00000000        0x8 .\CortexM3\ARM_GCC_541\Debug\Design01.a(LCD.o)
 .text.LCD_Stop
                0x00000000       0x14 .\CortexM3\ARM_GCC_541\Debug\Design01.a(LCD.o)
 .text.LCD_PrintInt8
                0x00000000       0x20 .\CortexM3\ARM_GCC_541\Debug\Design01.a(LCD.o)
 .text.LCD_PrintInt16
                0x00000000       0x14 .\CortexM3\ARM_GCC_541\Debug\Design01.a(LCD.o)
 .text.LCD_PrintInt32
                0x00000000       0x1c .\CortexM3\ARM_GCC_541\Debug\Design01.a(LCD.o)
 .rodata        0x00000000       0x10 .\CortexM3\ARM_GCC_541\Debug\Design01.a(LCD.o)
 .text          0x00000000        0x0 .\CortexM3\ARM_GCC_541\Debug\Design01.a(ADC2.o)
 .data          0x00000000        0x0 .\CortexM3\ARM_GCC_541\Debug\Design01.a(ADC2.o)
 .text.ADC2_Stop
                0x00000000       0x48 .\CortexM3\ARM_GCC_541\Debug\Design01.a(ADC2.o)
 .text.ADC2_SetPower
                0x00000000       0x18 .\CortexM3\ARM_GCC_541\Debug\Design01.a(ADC2.o)
 .text.ADC2_StopConvert
                0x00000000       0x10 .\CortexM3\ARM_GCC_541\Debug\Design01.a(ADC2.o)
 .text.ADC2_GetResult8
                0x00000000       0x18 .\CortexM3\ARM_GCC_541\Debug\Design01.a(ADC2.o)
 .text.ADC2_SetOffset
                0x00000000        0xc .\CortexM3\ARM_GCC_541\Debug\Design01.a(ADC2.o)
 .text.ADC2_SetGain
                0x00000000       0x10 .\CortexM3\ARM_GCC_541\Debug\Design01.a(ADC2.o)
 .text.ADC2_SetScaledGain
                0x00000000        0xc .\CortexM3\ARM_GCC_541\Debug\Design01.a(ADC2.o)
 .text.ADC2_CountsTo_uVolts
                0x00000000       0x48 .\CortexM3\ARM_GCC_541\Debug\Design01.a(ADC2.o)
 .text.ADC2_CountsTo_Volts
                0x00000000       0x50 .\CortexM3\ARM_GCC_541\Debug\Design01.a(ADC2.o)
 .text          0x00000000        0x0 .\CortexM3\ARM_GCC_541\Debug\Design01.a(ADC2_INT.o)
 .data          0x00000000        0x0 .\CortexM3\ARM_GCC_541\Debug\Design01.a(ADC2_INT.o)
 .bss           0x00000000        0x0 .\CortexM3\ARM_GCC_541\Debug\Design01.a(ADC2_INT.o)
 .text          0x00000000        0x0 .\CortexM3\ARM_GCC_541\Debug\Design01.a(ADC2_theACLK.o)
 .data          0x00000000        0x0 .\CortexM3\ARM_GCC_541\Debug\Design01.a(ADC2_theACLK.o)
 .bss           0x00000000        0x0 .\CortexM3\ARM_GCC_541\Debug\Design01.a(ADC2_theACLK.o)
 .text.ADC2_theACLK_Start
                0x00000000       0x1c .\CortexM3\ARM_GCC_541\Debug\Design01.a(ADC2_theACLK.o)
 .text.ADC2_theACLK_Stop
                0x00000000       0x1c .\CortexM3\ARM_GCC_541\Debug\Design01.a(ADC2_theACLK.o)
 .text.ADC2_theACLK_StopBlock
                0x00000000       0x6c .\CortexM3\ARM_GCC_541\Debug\Design01.a(ADC2_theACLK.o)
 .text.ADC2_theACLK_StandbyPower
                0x00000000       0x20 .\CortexM3\ARM_GCC_541\Debug\Design01.a(ADC2_theACLK.o)
 .text.ADC2_theACLK_GetDividerRegister
                0x00000000        0xc .\CortexM3\ARM_GCC_541\Debug\Design01.a(ADC2_theACLK.o)
 .text.ADC2_theACLK_ClearModeRegister
                0x00000000       0x18 .\CortexM3\ARM_GCC_541\Debug\Design01.a(ADC2_theACLK.o)
 .text.ADC2_theACLK_GetModeRegister
                0x00000000       0x10 .\CortexM3\ARM_GCC_541\Debug\Design01.a(ADC2_theACLK.o)
 .text.ADC2_theACLK_GetSourceRegister
                0x00000000       0x10 .\CortexM3\ARM_GCC_541\Debug\Design01.a(ADC2_theACLK.o)
 .text.ADC2_theACLK_SetDividerRegister
                0x00000000       0xd8 .\CortexM3\ARM_GCC_541\Debug\Design01.a(ADC2_theACLK.o)
 .text.ADC2_theACLK_SetSourceRegister
                0x00000000       0x5c .\CortexM3\ARM_GCC_541\Debug\Design01.a(ADC2_theACLK.o)
 .text.ADC2_theACLK_SetPhaseRegister
                0x00000000       0x10 .\CortexM3\ARM_GCC_541\Debug\Design01.a(ADC2_theACLK.o)
 .text.ADC2_theACLK_GetPhaseRegister
                0x00000000       0x10 .\CortexM3\ARM_GCC_541\Debug\Design01.a(ADC2_theACLK.o)
 .data          0x00000000        0x0 .\CortexM3\ARM_GCC_541\Debug\Design01.a(CyBootAsmGnu.o)
 .bss           0x00000000        0x0 .\CortexM3\ARM_GCC_541\Debug\Design01.a(CyBootAsmGnu.o)
 .text          0x00000000        0x0 .\CortexM3\ARM_GCC_541\Debug\Design01.a(CyFlash.o)
 .data          0x00000000        0x0 .\CortexM3\ARM_GCC_541\Debug\Design01.a(CyFlash.o)
 .bss           0x00000000        0x0 .\CortexM3\ARM_GCC_541\Debug\Design01.a(CyFlash.o)
 .text.CySetTempInt
                0x00000000       0x60 .\CortexM3\ARM_GCC_541\Debug\Design01.a(CyFlash.o)
 .text.CyFlash_Start
                0x00000000       0x54 .\CortexM3\ARM_GCC_541\Debug\Design01.a(CyFlash.o)
 .text.CyFlash_Stop
                0x00000000       0x24 .\CortexM3\ARM_GCC_541\Debug\Design01.a(CyFlash.o)
 .text.CyFlash_EraseRow
                0x00000000       0x78 .\CortexM3\ARM_GCC_541\Debug\Design01.a(CyFlash.o)
 .text.CyFlashGetSpcAlgorithm
                0x00000000       0x4c .\CortexM3\ARM_GCC_541\Debug\Design01.a(CyFlash.o)
 .text.CySetTemp
                0x00000000       0x14 .\CortexM3\ARM_GCC_541\Debug\Design01.a(CyFlash.o)
 .text.CySetFlashEEBuffer
                0x00000000       0x20 .\CortexM3\ARM_GCC_541\Debug\Design01.a(CyFlash.o)
 .text.CyWriteRowFull
                0x00000000       0xf8 .\CortexM3\ARM_GCC_541\Debug\Design01.a(CyFlash.o)
 .text.CyWriteRowData
                0x00000000       0x14 .\CortexM3\ARM_GCC_541\Debug\Design01.a(CyFlash.o)
 .text.CyFlash_SetWaitCycles
                0x00000000       0x7c .\CortexM3\ARM_GCC_541\Debug\Design01.a(CyFlash.o)
 .text.CyEEPROM_Start
                0x00000000       0x54 .\CortexM3\ARM_GCC_541\Debug\Design01.a(CyFlash.o)
 .text.CyEEPROM_Stop
                0x00000000       0x24 .\CortexM3\ARM_GCC_541\Debug\Design01.a(CyFlash.o)
 .text.CyEEPROM_ReadReserve
                0x00000000       0x1c .\CortexM3\ARM_GCC_541\Debug\Design01.a(CyFlash.o)
 .text.CyEEPROM_ReadRelease
                0x00000000       0x10 .\CortexM3\ARM_GCC_541\Debug\Design01.a(CyFlash.o)
 COMMON         0x00000000        0x2 .\CortexM3\ARM_GCC_541\Debug\Design01.a(CyFlash.o)
 .text          0x00000000        0x0 .\CortexM3\ARM_GCC_541\Debug\Design01.a(CySpc.o)
 .data          0x00000000        0x0 .\CortexM3\ARM_GCC_541\Debug\Design01.a(CySpc.o)
 .bss           0x00000000        0x8 .\CortexM3\ARM_GCC_541\Debug\Design01.a(CySpc.o)
 .text.CySpcStart
                0x00000000       0x24 .\CortexM3\ARM_GCC_541\Debug\Design01.a(CySpc.o)
 .text.CySpcStop
                0x00000000       0x24 .\CortexM3\ARM_GCC_541\Debug\Design01.a(CySpc.o)
 .text.CySpcReadData
                0x00000000       0x34 .\CortexM3\ARM_GCC_541\Debug\Design01.a(CySpc.o)
 .text.CySpcLoadMultiByte
                0x00000000       0x78 .\CortexM3\ARM_GCC_541\Debug\Design01.a(CySpc.o)
 .text.CySpcLoadRow
                0x00000000       0x50 .\CortexM3\ARM_GCC_541\Debug\Design01.a(CySpc.o)
 .text.CySpcLoadRowFull
                0x00000000       0x80 .\CortexM3\ARM_GCC_541\Debug\Design01.a(CySpc.o)
 .text.CySpcWriteRow
                0x00000000       0x4c .\CortexM3\ARM_GCC_541\Debug\Design01.a(CySpc.o)
 .text.CySpcEraseSector
                0x00000000       0x3c .\CortexM3\ARM_GCC_541\Debug\Design01.a(CySpc.o)
 .text.CySpcEraseRow
                0x00000000       0x4c .\CortexM3\ARM_GCC_541\Debug\Design01.a(CySpc.o)
 .text.CySpcGetTemp
                0x00000000       0x3c .\CortexM3\ARM_GCC_541\Debug\Design01.a(CySpc.o)
 .text.CySpcLock
                0x00000000       0x4c .\CortexM3\ARM_GCC_541\Debug\Design01.a(CySpc.o)
 .text.CySpcUnlock
                0x00000000       0x38 .\CortexM3\ARM_GCC_541\Debug\Design01.a(CySpc.o)
 .text.CySpcGetAlgorithm
                0x00000000       0x28 .\CortexM3\ARM_GCC_541\Debug\Design01.a(CySpc.o)
 .text          0x00000000      0x370 c:/program files (x86)/cypress/psoc creator/4.2/psoc creator/import/gnu/arm/5.4.1/bin/../lib/gcc/arm-none-eabi/5.4.1/armv7-m\libgcc.a(_arm_addsubdf3.o)
 .data          0x00000000        0x0 c:/program files (x86)/cypress/psoc creator/4.2/psoc creator/import/gnu/arm/5.4.1/bin/../lib/gcc/arm-none-eabi/5.4.1/armv7-m\libgcc.a(_arm_addsubdf3.o)
 .bss           0x00000000        0x0 c:/program files (x86)/cypress/psoc creator/4.2/psoc creator/import/gnu/arm/5.4.1/bin/../lib/gcc/arm-none-eabi/5.4.1/armv7-m\libgcc.a(_arm_addsubdf3.o)
 .text          0x00000000      0x110 c:/program files (x86)/cypress/psoc creator/4.2/psoc creator/import/gnu/arm/5.4.1/bin/../lib/gcc/arm-none-eabi/5.4.1/armv7-m\libgcc.a(_arm_cmpdf2.o)
 .data          0x00000000        0x0 c:/program files (x86)/cypress/psoc creator/4.2/psoc creator/import/gnu/arm/5.4.1/bin/../lib/gcc/arm-none-eabi/5.4.1/armv7-m\libgcc.a(_arm_cmpdf2.o)
 .bss           0x00000000        0x0 c:/program files (x86)/cypress/psoc creator/4.2/psoc creator/import/gnu/arm/5.4.1/bin/../lib/gcc/arm-none-eabi/5.4.1/armv7-m\libgcc.a(_arm_cmpdf2.o)
 .text          0x00000000      0x21c c:/program files (x86)/cypress/psoc creator/4.2/psoc creator/import/gnu/arm/5.4.1/bin/../lib/gcc/arm-none-eabi/5.4.1/armv7-m\libgcc.a(_arm_addsubsf3.o)
 .data          0x00000000        0x0 c:/program files (x86)/cypress/psoc creator/4.2/psoc creator/import/gnu/arm/5.4.1/bin/../lib/gcc/arm-none-eabi/5.4.1/armv7-m\libgcc.a(_arm_addsubsf3.o)
 .bss           0x00000000        0x0 c:/program files (x86)/cypress/psoc creator/4.2/psoc creator/import/gnu/arm/5.4.1/bin/../lib/gcc/arm-none-eabi/5.4.1/armv7-m\libgcc.a(_arm_addsubsf3.o)
 .text          0x00000000      0x2a0 c:/program files (x86)/cypress/psoc creator/4.2/psoc creator/import/gnu/arm/5.4.1/bin/../lib/gcc/arm-none-eabi/5.4.1/armv7-m\libgcc.a(_arm_muldivsf3.o)
 .data          0x00000000        0x0 c:/program files (x86)/cypress/psoc creator/4.2/psoc creator/import/gnu/arm/5.4.1/bin/../lib/gcc/arm-none-eabi/5.4.1/armv7-m\libgcc.a(_arm_muldivsf3.o)
 .bss           0x00000000        0x0 c:/program files (x86)/cypress/psoc creator/4.2/psoc creator/import/gnu/arm/5.4.1/bin/../lib/gcc/arm-none-eabi/5.4.1/armv7-m\libgcc.a(_arm_muldivsf3.o)
 .text          0x00000000       0x4c c:/program files (x86)/cypress/psoc creator/4.2/psoc creator/import/gnu/arm/5.4.1/bin/../lib/gcc/arm-none-eabi/5.4.1/armv7-m\libgcc.a(_arm_fixsfsi.o)
 .data          0x00000000        0x0 c:/program files (x86)/cypress/psoc creator/4.2/psoc creator/import/gnu/arm/5.4.1/bin/../lib/gcc/arm-none-eabi/5.4.1/armv7-m\libgcc.a(_arm_fixsfsi.o)
 .bss           0x00000000        0x0 c:/program files (x86)/cypress/psoc creator/4.2/psoc creator/import/gnu/arm/5.4.1/bin/../lib/gcc/arm-none-eabi/5.4.1/armv7-m\libgcc.a(_arm_fixsfsi.o)
 .text          0x00000000       0x40 c:/program files (x86)/cypress/psoc creator/4.2/psoc creator/import/gnu/arm/5.4.1/bin/../lib/gcc/arm-none-eabi/5.4.1/armv7-m\libgcc.a(_arm_fixunssfsi.o)
 .data          0x00000000        0x0 c:/program files (x86)/cypress/psoc creator/4.2/psoc creator/import/gnu/arm/5.4.1/bin/../lib/gcc/arm-none-eabi/5.4.1/armv7-m\libgcc.a(_arm_fixunssfsi.o)
 .bss           0x00000000        0x0 c:/program files (x86)/cypress/psoc creator/4.2/psoc creator/import/gnu/arm/5.4.1/bin/../lib/gcc/arm-none-eabi/5.4.1/armv7-m\libgcc.a(_arm_fixunssfsi.o)
 .text          0x00000000       0xa0 c:/program files (x86)/cypress/psoc creator/4.2/psoc creator/import/gnu/arm/5.4.1/bin/../lib/gcc/arm-none-eabi/5.4.1/armv7-m\libgcc.a(_aeabi_ldivmod.o)
 .data          0x00000000        0x0 c:/program files (x86)/cypress/psoc creator/4.2/psoc creator/import/gnu/arm/5.4.1/bin/../lib/gcc/arm-none-eabi/5.4.1/armv7-m\libgcc.a(_aeabi_ldivmod.o)
 .bss           0x00000000        0x0 c:/program files (x86)/cypress/psoc creator/4.2/psoc creator/import/gnu/arm/5.4.1/bin/../lib/gcc/arm-none-eabi/5.4.1/armv7-m\libgcc.a(_aeabi_ldivmod.o)
 .text          0x00000000      0x2ec c:/program files (x86)/cypress/psoc creator/4.2/psoc creator/import/gnu/arm/5.4.1/bin/../lib/gcc/arm-none-eabi/5.4.1/armv7-m\libgcc.a(_udivmoddi4.o)
 .data          0x00000000        0x0 c:/program files (x86)/cypress/psoc creator/4.2/psoc creator/import/gnu/arm/5.4.1/bin/../lib/gcc/arm-none-eabi/5.4.1/armv7-m\libgcc.a(_udivmoddi4.o)
 .bss           0x00000000        0x0 c:/program files (x86)/cypress/psoc creator/4.2/psoc creator/import/gnu/arm/5.4.1/bin/../lib/gcc/arm-none-eabi/5.4.1/armv7-m\libgcc.a(_udivmoddi4.o)
 .ARM.extab     0x00000000        0x0 c:/program files (x86)/cypress/psoc creator/4.2/psoc creator/import/gnu/arm/5.4.1/bin/../lib/gcc/arm-none-eabi/5.4.1/armv7-m\libgcc.a(_udivmoddi4.o)
 .ARM.exidx     0x00000000        0x8 c:/program files (x86)/cypress/psoc creator/4.2/psoc creator/import/gnu/arm/5.4.1/bin/../lib/gcc/arm-none-eabi/5.4.1/armv7-m\libgcc.a(_udivmoddi4.o)
 .text          0x00000000        0x4 c:/program files (x86)/cypress/psoc creator/4.2/psoc creator/import/gnu/arm/5.4.1/bin/../lib/gcc/arm-none-eabi/5.4.1/armv7-m\libgcc.a(_dvmd_tls.o)
 .data          0x00000000        0x0 c:/program files (x86)/cypress/psoc creator/4.2/psoc creator/import/gnu/arm/5.4.1/bin/../lib/gcc/arm-none-eabi/5.4.1/armv7-m\libgcc.a(_dvmd_tls.o)
 .bss           0x00000000        0x0 c:/program files (x86)/cypress/psoc creator/4.2/psoc creator/import/gnu/arm/5.4.1/bin/../lib/gcc/arm-none-eabi/5.4.1/armv7-m\libgcc.a(_dvmd_tls.o)
 .text          0x00000000        0x0 c:/program files (x86)/cypress/psoc creator/4.2/psoc creator/import/gnu/arm/5.4.1/bin/../lib/gcc/arm-none-eabi/5.4.1/../../../../arm-none-eabi/lib/armv7-m\libg_nano.a(lib_a-errno.o)
 .data          0x00000000        0x0 c:/program files (x86)/cypress/psoc creator/4.2/psoc creator/import/gnu/arm/5.4.1/bin/../lib/gcc/arm-none-eabi/5.4.1/../../../../arm-none-eabi/lib/armv7-m\libg_nano.a(lib_a-errno.o)
 .bss           0x00000000        0x0 c:/program files (x86)/cypress/psoc creator/4.2/psoc creator/import/gnu/arm/5.4.1/bin/../lib/gcc/arm-none-eabi/5.4.1/../../../../arm-none-eabi/lib/armv7-m\libg_nano.a(lib_a-errno.o)
 .text          0x00000000        0x0 c:/program files (x86)/cypress/psoc creator/4.2/psoc creator/import/gnu/arm/5.4.1/bin/../lib/gcc/arm-none-eabi/5.4.1/../../../../arm-none-eabi/lib/armv7-m\libg_nano.a(lib_a-exit.o)
 .data          0x00000000        0x0 c:/program files (x86)/cypress/psoc creator/4.2/psoc creator/import/gnu/arm/5.4.1/bin/../lib/gcc/arm-none-eabi/5.4.1/../../../../arm-none-eabi/lib/armv7-m\libg_nano.a(lib_a-exit.o)
 .bss           0x00000000        0x0 c:/program files (x86)/cypress/psoc creator/4.2/psoc creator/import/gnu/arm/5.4.1/bin/../lib/gcc/arm-none-eabi/5.4.1/../../../../arm-none-eabi/lib/armv7-m\libg_nano.a(lib_a-exit.o)
 .text.exit     0x00000000       0x28 c:/program files (x86)/cypress/psoc creator/4.2/psoc creator/import/gnu/arm/5.4.1/bin/../lib/gcc/arm-none-eabi/5.4.1/../../../../arm-none-eabi/lib/armv7-m\libg_nano.a(lib_a-exit.o)
 .text          0x00000000        0x0 c:/program files (x86)/cypress/psoc creator/4.2/psoc creator/import/gnu/arm/5.4.1/bin/../lib/gcc/arm-none-eabi/5.4.1/../../../../arm-none-eabi/lib/armv7-m\libg_nano.a(lib_a-impure.o)
 .data          0x00000000        0x0 c:/program files (x86)/cypress/psoc creator/4.2/psoc creator/import/gnu/arm/5.4.1/bin/../lib/gcc/arm-none-eabi/5.4.1/../../../../arm-none-eabi/lib/armv7-m\libg_nano.a(lib_a-impure.o)
 .bss           0x00000000        0x0 c:/program files (x86)/cypress/psoc creator/4.2/psoc creator/import/gnu/arm/5.4.1/bin/../lib/gcc/arm-none-eabi/5.4.1/../../../../arm-none-eabi/lib/armv7-m\libg_nano.a(lib_a-impure.o)
 .rodata._global_impure_ptr
                0x00000000        0x4 c:/program files (x86)/cypress/psoc creator/4.2/psoc creator/import/gnu/arm/5.4.1/bin/../lib/gcc/arm-none-eabi/5.4.1/../../../../arm-none-eabi/lib/armv7-m\libg_nano.a(lib_a-impure.o)
 .text          0x00000000        0x0 c:/program files (x86)/cypress/psoc creator/4.2/psoc creator/import/gnu/arm/5.4.1/bin/../lib/gcc/arm-none-eabi/5.4.1/../../../../arm-none-eabi/lib/armv7-m\libg_nano.a(lib_a-init.o)
 .data          0x00000000        0x0 c:/program files (x86)/cypress/psoc creator/4.2/psoc creator/import/gnu/arm/5.4.1/bin/../lib/gcc/arm-none-eabi/5.4.1/../../../../arm-none-eabi/lib/armv7-m\libg_nano.a(lib_a-init.o)
 .bss           0x00000000        0x0 c:/program files (x86)/cypress/psoc creator/4.2/psoc creator/import/gnu/arm/5.4.1/bin/../lib/gcc/arm-none-eabi/5.4.1/../../../../arm-none-eabi/lib/armv7-m\libg_nano.a(lib_a-init.o)
 .text          0x00000000        0x0 c:/program files (x86)/cypress/psoc creator/4.2/psoc creator/import/gnu/arm/5.4.1/bin/../lib/gcc/arm-none-eabi/5.4.1/../../../../arm-none-eabi/lib/armv7-m\libg_nano.a(lib_a-memcpy-stub.o)
 .data          0x00000000        0x0 c:/program files (x86)/cypress/psoc creator/4.2/psoc creator/import/gnu/arm/5.4.1/bin/../lib/gcc/arm-none-eabi/5.4.1/../../../../arm-none-eabi/lib/armv7-m\libg_nano.a(lib_a-memcpy-stub.o)
 .bss           0x00000000        0x0 c:/program files (x86)/cypress/psoc creator/4.2/psoc creator/import/gnu/arm/5.4.1/bin/../lib/gcc/arm-none-eabi/5.4.1/../../../../arm-none-eabi/lib/armv7-m\libg_nano.a(lib_a-memcpy-stub.o)
 .text          0x00000000        0x0 c:/program files (x86)/cypress/psoc creator/4.2/psoc creator/import/gnu/arm/5.4.1/bin/../lib/gcc/arm-none-eabi/5.4.1/../../../../arm-none-eabi/lib/armv7-m\libg_nano.a(lib_a-memset.o)
 .data          0x00000000        0x0 c:/program files (x86)/cypress/psoc creator/4.2/psoc creator/import/gnu/arm/5.4.1/bin/../lib/gcc/arm-none-eabi/5.4.1/../../../../arm-none-eabi/lib/armv7-m\libg_nano.a(lib_a-memset.o)
 .bss           0x00000000        0x0 c:/program files (x86)/cypress/psoc creator/4.2/psoc creator/import/gnu/arm/5.4.1/bin/../lib/gcc/arm-none-eabi/5.4.1/../../../../arm-none-eabi/lib/armv7-m\libg_nano.a(lib_a-memset.o)
 .text          0x00000000        0x0 c:/program files (x86)/cypress/psoc creator/4.2/psoc creator/import/gnu/arm/5.4.1/bin/../lib/gcc/arm-none-eabi/5.4.1/armv7-m/crtend.o
 .data          0x00000000        0x0 c:/program files (x86)/cypress/psoc creator/4.2/psoc creator/import/gnu/arm/5.4.1/bin/../lib/gcc/arm-none-eabi/5.4.1/armv7-m/crtend.o
 .bss           0x00000000        0x0 c:/program files (x86)/cypress/psoc creator/4.2/psoc creator/import/gnu/arm/5.4.1/bin/../lib/gcc/arm-none-eabi/5.4.1/armv7-m/crtend.o
 .text          0x00000000        0x0 c:/program files (x86)/cypress/psoc creator/4.2/psoc creator/import/gnu/arm/5.4.1/bin/../lib/gcc/arm-none-eabi/5.4.1/armv7-m/crtn.o
 .data          0x00000000        0x0 c:/program files (x86)/cypress/psoc creator/4.2/psoc creator/import/gnu/arm/5.4.1/bin/../lib/gcc/arm-none-eabi/5.4.1/armv7-m/crtn.o
 .bss           0x00000000        0x0 c:/program files (x86)/cypress/psoc creator/4.2/psoc creator/import/gnu/arm/5.4.1/bin/../lib/gcc/arm-none-eabi/5.4.1/armv7-m/crtn.o

Memory Configuration

Name             Origin             Length             Attributes
rom              0x00000000         0x00040000         xr
ram              0x1fff8000         0x00010000         xrw
*default*        0x00000000         0xffffffff

Linker script and memory map

LOAD c:/program files (x86)/cypress/psoc creator/4.2/psoc creator/import/gnu/arm/5.4.1/bin/../lib/gcc/arm-none-eabi/5.4.1/armv7-m/crti.o
LOAD c:/program files (x86)/cypress/psoc creator/4.2/psoc creator/import/gnu/arm/5.4.1/bin/../lib/gcc/arm-none-eabi/5.4.1/armv7-m/crtbegin.o
LOAD c:/program files (x86)/cypress/psoc creator/4.2/psoc creator/import/gnu/arm/5.4.1/bin/../lib/gcc/arm-none-eabi/5.4.1/../../../../arm-none-eabi/lib/armv7-m/crt0.o
START GROUP
LOAD .\CortexM3\ARM_GCC_541\Debug\main.o
LOAD .\CortexM3\ARM_GCC_541\Debug\cyfitter_cfg.o
LOAD .\CortexM3\ARM_GCC_541\Debug\cymetadata.o
LOAD .\CortexM3\ARM_GCC_541\Debug\Cm3Start.o
LOAD .\CortexM3\ARM_GCC_541\Debug\Design01.a
LOAD C:\Program Files (x86)\Cypress\PSoC Creator\4.2\PSoC Creator\psoc\content\cycomponentlibrary\CyComponentLibrary.cylib\CortexM3\ARM_GCC_541\Debug\CyComponentLibrary.a
END GROUP
START GROUP
LOAD c:/program files (x86)/cypress/psoc creator/4.2/psoc creator/import/gnu/arm/5.4.1/bin/../lib/gcc/arm-none-eabi/5.4.1/armv7-m\libgcc.a
LOAD c:/program files (x86)/cypress/psoc creator/4.2/psoc creator/import/gnu/arm/5.4.1/bin/../lib/gcc/arm-none-eabi/5.4.1/../../../../arm-none-eabi/lib/armv7-m\libg_nano.a
LOAD c:/program files (x86)/cypress/psoc creator/4.2/psoc creator/import/gnu/arm/5.4.1/bin/../lib/gcc/arm-none-eabi/5.4.1/../../../../arm-none-eabi/lib/armv7-m\libc_nano.a
END GROUP
START GROUP
LOAD c:/program files (x86)/cypress/psoc creator/4.2/psoc creator/import/gnu/arm/5.4.1/bin/../lib/gcc/arm-none-eabi/5.4.1/armv7-m\libgcc.a
LOAD c:/program files (x86)/cypress/psoc creator/4.2/psoc creator/import/gnu/arm/5.4.1/bin/../lib/gcc/arm-none-eabi/5.4.1/../../../../arm-none-eabi/lib/armv7-m\libc_nano.a
END GROUP
LOAD c:/program files (x86)/cypress/psoc creator/4.2/psoc creator/import/gnu/arm/5.4.1/bin/../lib/gcc/arm-none-eabi/5.4.1/armv7-m/crtend.o
LOAD c:/program files (x86)/cypress/psoc creator/4.2/psoc creator/import/gnu/arm/5.4.1/bin/../lib/gcc/arm-none-eabi/5.4.1/armv7-m/crtn.o
START GROUP
LOAD c:/program files (x86)/cypress/psoc creator/4.2/psoc creator/import/gnu/arm/5.4.1/bin/../lib/gcc/arm-none-eabi/5.4.1/armv7-m\libgcc.a
LOAD c:/program files (x86)/cypress/psoc creator/4.2/psoc creator/import/gnu/arm/5.4.1/bin/../lib/gcc/arm-none-eabi/5.4.1/../../../../arm-none-eabi/lib/armv7-m\libc.a
LOAD c:/program files (x86)/cypress/psoc creator/4.2/psoc creator/import/gnu/arm/5.4.1/bin/../lib/gcc/arm-none-eabi/5.4.1/../../../../arm-none-eabi/lib/armv7-m\libnosys.a
END GROUP
                0x00000000                CY_APPL_ORIGIN = 0x0
                0x00000100                CY_FLASH_ROW_SIZE = 0x100
                0x00000020                CY_ECC_ROW_SIZE = 0x20
                0x00000000                CY_EE_IN_BTLDR = 0x0
                0x00000000                CY_APPL_LOADABLE = 0x0
                0x00000800                CY_EE_SIZE = 0x800
                0x00000001                CY_APPL_NUM = 0x1
                0x00000001                CY_APPL_MAX = 0x1
                0x00000040                CY_METADATA_SIZE = 0x40
                0x00000000                CY_APPL_LOADABLE = 0x0
                0x00000000                CY_CHECKSUM_EXCLUDE_SIZE = ALIGN (0x0, CY_FLASH_ROW_SIZE)
                [!provide]                PROVIDE (__cy_heap_start, _end)
                0x00000001                PROVIDE (__cy_region_num, ((__cy_regions_end - __cy_regions) / 0x10))
                0x20008000                PROVIDE (__cy_stack, (ORIGIN (ram) + LENGTH (ram)))
                [!provide]                PROVIDE (__cy_heap_end, (__cy_stack - 0x800))

.cybootloader   0x00000000        0x0
 *(.cybootloader)
                0x00000000                appl1_start = CY_APPL_ORIGIN?CY_APPL_ORIGIN:ALIGN (CY_FLASH_ROW_SIZE)
                0x0001ff00                appl2_start = (appl1_start + ALIGN ((((LENGTH (rom) - appl1_start) - (0x2 * CY_FLASH_ROW_SIZE)) / 0x2), CY_FLASH_ROW_SIZE))
                0x00000000                appl_start = (CY_APPL_NUM == 0x1)?appl1_start:appl2_start
                0x00000000                ecc_offset = ((appl_start / CY_FLASH_ROW_SIZE) * CY_ECC_ROW_SIZE)
                0x00000000                ee_offset = (CY_APPL_LOADABLE && ! (CY_EE_IN_BTLDR))?((CY_EE_SIZE / CY_APPL_MAX) * (CY_APPL_NUM - 0x1)):0x0
                0x00000800                ee_size = (CY_APPL_LOADABLE && ! (CY_EE_IN_BTLDR))?(CY_EE_SIZE / CY_APPL_MAX):CY_EE_SIZE
                [!provide]                PROVIDE (CY_ECC_OFFSET, ecc_offset)

.text           0x00000000     0x1526
 CREATE_OBJECT_SYMBOLS
                0x00000000                PROVIDE (__cy_interrupt_vector, RomVectors)
 *(.romvectors)
 .romvectors    0x00000000       0x10 .\CortexM3\ARM_GCC_541\Debug\Cm3Start.o
                0x00000000                RomVectors
                0x00000001                ASSERT ((. != __cy_interrupt_vector), No interrupt vector)
                0x00000001                ASSERT (CY_APPL_ORIGIN?(SIZEOF (.cybootloader) <= CY_APPL_ORIGIN):0x1, Wrong image location)
                0x00000010                PROVIDE (__cy_reset, Reset)
 *(.text.Reset)
 .text.Reset    0x00000010       0x18 .\CortexM3\ARM_GCC_541\Debug\Cm3Start.o
                0x00000010                Reset
                0x00000001                ASSERT ((. != __cy_reset), No reset code)
 *(.dma_init)
                0x00000001                ASSERT ((((appl_start + .) <= 0x10000) || 0x1), DMA Init must be within the first 64k of flash)
 *(.text .text.* .gnu.linkonce.t.*)
 .text          0x00000028       0x5c c:/program files (x86)/cypress/psoc creator/4.2/psoc creator/import/gnu/arm/5.4.1/bin/../lib/gcc/arm-none-eabi/5.4.1/armv7-m/crtbegin.o
 .text.Arreglo  0x00000084       0x3c .\CortexM3\ARM_GCC_541\Debug\main.o
                0x00000084                Arreglo
 .text.main     0x000000c0       0x98 .\CortexM3\ARM_GCC_541\Debug\main.o
                0x000000c0                main
 .text.CyClockStartupError
                0x00000158        0x4 .\CortexM3\ARM_GCC_541\Debug\cyfitter_cfg.o
 .text.cfg_write_bytes32
                0x0000015c       0x34 .\CortexM3\ARM_GCC_541\Debug\cyfitter_cfg.o
 .text.CYMEMZERO
                0x00000190        0xc .\CortexM3\ARM_GCC_541\Debug\cyfitter_cfg.o
 .text.AnalogSetDefault
                0x0000019c       0x88 .\CortexM3\ARM_GCC_541\Debug\cyfitter_cfg.o
 .text.CYCONFIGCPY
                0x00000224        0x8 .\CortexM3\ARM_GCC_541\Debug\cyfitter_cfg.o
 .text.ClockSetup
                0x0000022c       0xe4 .\CortexM3\ARM_GCC_541\Debug\cyfitter_cfg.o
 .text.ADC1_AMux_Set
                0x00000310       0x1c .\CortexM3\ARM_GCC_541\Debug\cyfitter_cfg.o
                0x00000310                ADC1_AMux_Set
 .text.ADC1_AMux_Unset
                0x0000032c       0x1c .\CortexM3\ARM_GCC_541\Debug\cyfitter_cfg.o
                0x0000032c                ADC1_AMux_Unset
 .text.cyfitter_cfg
                0x00000348      0x120 .\CortexM3\ARM_GCC_541\Debug\cyfitter_cfg.o
                0x00000348                cyfitter_cfg
 .text.IntDefaultHandler
                0x00000468       0x10 .\CortexM3\ARM_GCC_541\Debug\Cm3Start.o
                0x00000468                IntDefaultHandler
 .text.Start_c  0x00000478       0x4c .\CortexM3\ARM_GCC_541\Debug\Cm3Start.o
                0x00000478                Start_c
 .text.initialize_psoc
                0x000004c4       0x68 .\CortexM3\ARM_GCC_541\Debug\Cm3Start.o
                0x000004c4                initialize_psoc
 .text.ADC1_GainCompensation
                0x0000052c       0xe0 .\CortexM3\ARM_GCC_541\Debug\Design01.a(ADC1.o)
 .text.ADC1_SetDSMRef0Reg
                0x0000060c       0x4c .\CortexM3\ARM_GCC_541\Debug\Design01.a(ADC1.o)
 .text.ADC1_InitConfig
                0x00000658      0x334 .\CortexM3\ARM_GCC_541\Debug\Design01.a(ADC1.o)
 .text.ADC1_Init
                0x0000098c      0x10c .\CortexM3\ARM_GCC_541\Debug\Design01.a(ADC1.o)
                0x0000098c                ADC1_Init
 .text.ADC1_Enable
                0x00000a98       0xd8 .\CortexM3\ARM_GCC_541\Debug\Design01.a(ADC1.o)
                0x00000a98                ADC1_Enable
 .text.ADC1_Start
                0x00000b70       0x28 .\CortexM3\ARM_GCC_541\Debug\Design01.a(ADC1.o)
                0x00000b70                ADC1_Start
 .text.ADC1_StartConvert
                0x00000b98       0x10 .\CortexM3\ARM_GCC_541\Debug\Design01.a(ADC1.o)
                0x00000b98                ADC1_StartConvert
 .text.ADC1_IsEndConversion
                0x00000ba8       0x30 .\CortexM3\ARM_GCC_541\Debug\Design01.a(ADC1.o)
                0x00000ba8                ADC1_IsEndConversion
 .text.ADC1_GetResult32
                0x00000bd8       0x6c .\CortexM3\ARM_GCC_541\Debug\Design01.a(ADC1.o)
                0x00000bd8                ADC1_GetResult32
 .text.ADC1_CountsTo_mVolts
                0x00000c44       0x24 .\CortexM3\ARM_GCC_541\Debug\Design01.a(ADC1.o)
                0x00000c44                ADC1_CountsTo_mVolts
 .text.ADC1_ISR1
                0x00000c68        0x4 .\CortexM3\ARM_GCC_541\Debug\Design01.a(ADC1_INT.o)
                0x00000c68                ADC1_ISR1
 .text.ADC1_ISR2
                0x00000c6c        0x4 .\CortexM3\ARM_GCC_541\Debug\Design01.a(ADC1_INT.o)
                0x00000c6c                ADC1_ISR2
 .text.ADC1_ISR3
                0x00000c70        0x4 .\CortexM3\ARM_GCC_541\Debug\Design01.a(ADC1_INT.o)
                0x00000c70                ADC1_ISR3
 .text.ADC1_ISR4
                0x00000c74        0x4 .\CortexM3\ARM_GCC_541\Debug\Design01.a(ADC1_INT.o)
                0x00000c74                ADC1_ISR4
 .text.ADC1_Ext_CP_Clk_GetDividerRegister
                0x00000c78        0xc .\CortexM3\ARM_GCC_541\Debug\Design01.a(ADC1_Ext_CP_Clk.o)
                0x00000c78                ADC1_Ext_CP_Clk_GetDividerRegister
 .text.ADC1_Ext_CP_Clk_SetModeRegister
                0x00000c84       0x14 .\CortexM3\ARM_GCC_541\Debug\Design01.a(ADC1_Ext_CP_Clk.o)
                0x00000c84                ADC1_Ext_CP_Clk_SetModeRegister
 .text.ADC1_Ext_CP_Clk_GetSourceRegister
                0x00000c98       0x10 .\CortexM3\ARM_GCC_541\Debug\Design01.a(ADC1_Ext_CP_Clk.o)
                0x00000c98                ADC1_Ext_CP_Clk_GetSourceRegister
 .text.ADC1_Ext_CP_Clk_SetDividerRegister
                0x00000ca8       0xd8 .\CortexM3\ARM_GCC_541\Debug\Design01.a(ADC1_Ext_CP_Clk.o)
                0x00000ca8                ADC1_Ext_CP_Clk_SetDividerRegister
 .text.ADC1_theACLK_GetDividerRegister
                0x00000d80        0xc .\CortexM3\ARM_GCC_541\Debug\Design01.a(ADC1_theACLK.o)
                0x00000d80                ADC1_theACLK_GetDividerRegister
 .text.ADC1_theACLK_SetModeRegister
                0x00000d8c       0x14 .\CortexM3\ARM_GCC_541\Debug\Design01.a(ADC1_theACLK.o)
                0x00000d8c                ADC1_theACLK_SetModeRegister
 .text.ADC1_theACLK_GetSourceRegister
                0x00000da0       0x10 .\CortexM3\ARM_GCC_541\Debug\Design01.a(ADC1_theACLK.o)
                0x00000da0                ADC1_theACLK_GetSourceRegister
 .text.ADC1_theACLK_SetDividerRegister
                0x00000db0       0xdc .\CortexM3\ARM_GCC_541\Debug\Design01.a(ADC1_theACLK.o)
                0x00000db0                ADC1_theACLK_SetDividerRegister
 .text.CyHalt   0x00000e8c        0x4 .\CortexM3\ARM_GCC_541\Debug\Design01.a(CyLib.o)
                0x00000e8c                CyHalt
 .text.CyDelay  0x00000e90       0x2c .\CortexM3\ARM_GCC_541\Debug\Design01.a(CyLib.o)
                0x00000e90                CyDelay
 .text.CyDelayUs
                0x00000ebc       0x14 .\CortexM3\ARM_GCC_541\Debug\Design01.a(CyLib.o)
                0x00000ebc                CyDelayUs
 .text.CyIntSetVector
                0x00000ed0       0x28 .\CortexM3\ARM_GCC_541\Debug\Design01.a(CyLib.o)
                0x00000ed0                CyIntSetVector
 .text.CyIntSetPriority
                0x00000ef8       0x30 .\CortexM3\ARM_GCC_541\Debug\Design01.a(CyLib.o)
                0x00000ef8                CyIntSetPriority
 .text.ADC1_AMux_Start
                0x00000f28       0x20 .\CortexM3\ARM_GCC_541\Debug\Design01.a(ADC1_AMux.o)
                0x00000f28                ADC1_AMux_Start
 .text.ADC1_AMux_Select
                0x00000f48       0x18 .\CortexM3\ARM_GCC_541\Debug\Design01.a(ADC1_AMux.o)
                0x00000f48                ADC1_AMux_Select
 .text.LCD_WrCntrlNib
                0x00000f60       0x34 .\CortexM3\ARM_GCC_541\Debug\Design01.a(LCD.o)
 .text.LCD_WrDatNib
                0x00000f94       0x44 .\CortexM3\ARM_GCC_541\Debug\Design01.a(LCD.o)
 .text.LCD_IsReady
                0x00000fd8       0xe4 .\CortexM3\ARM_GCC_541\Debug\Design01.a(LCD.o)
                0x00000fd8                LCD_IsReady
 .text.LCD_WriteData
                0x000010bc       0x18 .\CortexM3\ARM_GCC_541\Debug\Design01.a(LCD.o)
                0x000010bc                LCD_WriteData
 .text.LCD_PrintString
                0x000010d4       0x1c .\CortexM3\ARM_GCC_541\Debug\Design01.a(LCD.o)
                0x000010d4                LCD_PrintString
 .text.LCD_WriteControl
                0x000010f0       0x18 .\CortexM3\ARM_GCC_541\Debug\Design01.a(LCD.o)
                0x000010f0                LCD_WriteControl
 .text.LCD_Init
                0x00001108       0x6c .\CortexM3\ARM_GCC_541\Debug\Design01.a(LCD.o)
                0x00001108                LCD_Init
 .text.LCD_Enable
                0x00001174       0x14 .\CortexM3\ARM_GCC_541\Debug\Design01.a(LCD.o)
                0x00001174                LCD_Enable
 .text.LCD_Start
                0x00001188       0x1c .\CortexM3\ARM_GCC_541\Debug\Design01.a(LCD.o)
                0x00001188                LCD_Start
 .text.LCD_Position
                0x000011a4       0x3c .\CortexM3\ARM_GCC_541\Debug\Design01.a(LCD.o)
                0x000011a4                LCD_Position
 .text.LCD_PrintU32Number
                0x000011e0       0x64 .\CortexM3\ARM_GCC_541\Debug\Design01.a(LCD.o)
                0x000011e0                LCD_PrintU32Number
 .text.ADC2_CalcGain
                0x00001244       0x64 .\CortexM3\ARM_GCC_541\Debug\Design01.a(ADC2.o)
 .text.ADC2_Enable
                0x000012a8       0x94 .\CortexM3\ARM_GCC_541\Debug\Design01.a(ADC2.o)
                0x000012a8                ADC2_Enable
 .text.ADC2_SetResolution
                0x0000133c       0x38 .\CortexM3\ARM_GCC_541\Debug\Design01.a(ADC2.o)
                0x0000133c                ADC2_SetResolution
 .text.ADC2_Init
                0x00001374       0x3c .\CortexM3\ARM_GCC_541\Debug\Design01.a(ADC2.o)
                0x00001374                ADC2_Init
 .text.ADC2_Start
                0x000013b0       0x1c .\CortexM3\ARM_GCC_541\Debug\Design01.a(ADC2.o)
                0x000013b0                ADC2_Start
 .text.ADC2_StartConvert
                0x000013cc       0x10 .\CortexM3\ARM_GCC_541\Debug\Design01.a(ADC2.o)
                0x000013cc                ADC2_StartConvert
 .text.ADC2_IsEndConversion
                0x000013dc       0x24 .\CortexM3\ARM_GCC_541\Debug\Design01.a(ADC2.o)
                0x000013dc                ADC2_IsEndConversion
 .text.ADC2_GetResult16
                0x00001400       0x18 .\CortexM3\ARM_GCC_541\Debug\Design01.a(ADC2.o)
                0x00001400                ADC2_GetResult16
 .text.ADC2_CountsTo_mVolts
                0x00001418       0x58 .\CortexM3\ARM_GCC_541\Debug\Design01.a(ADC2.o)
                0x00001418                ADC2_CountsTo_mVolts
 .text.ADC2_ISR
                0x00001470        0x4 .\CortexM3\ARM_GCC_541\Debug\Design01.a(ADC2_INT.o)
                0x00001470                ADC2_ISR
 .text.ADC2_theACLK_SetModeRegister
                0x00001474       0x14 .\CortexM3\ARM_GCC_541\Debug\Design01.a(ADC2_theACLK.o)
                0x00001474                ADC2_theACLK_SetModeRegister
 .text          0x00001488       0x20 .\CortexM3\ARM_GCC_541\Debug\Design01.a(CyBootAsmGnu.o)
                0x00001488                CyDelayCycles
                0x00001498                CyEnterCriticalSection
                0x000014a0                CyExitCriticalSection
 .text.__errno  0x000014a8        0xc c:/program files (x86)/cypress/psoc creator/4.2/psoc creator/import/gnu/arm/5.4.1/bin/../lib/gcc/arm-none-eabi/5.4.1/../../../../arm-none-eabi/lib/armv7-m\libg_nano.a(lib_a-errno.o)
                0x000014a8                __errno
 .text.__libc_init_array
                0x000014b4       0x4c c:/program files (x86)/cypress/psoc creator/4.2/psoc creator/import/gnu/arm/5.4.1/bin/../lib/gcc/arm-none-eabi/5.4.1/../../../../arm-none-eabi/lib/armv7-m\libg_nano.a(lib_a-init.o)
                0x000014b4                __libc_init_array
 .text.memcpy   0x00001500       0x16 c:/program files (x86)/cypress/psoc creator/4.2/psoc creator/import/gnu/arm/5.4.1/bin/../lib/gcc/arm-none-eabi/5.4.1/../../../../arm-none-eabi/lib/armv7-m\libg_nano.a(lib_a-memcpy-stub.o)
                0x00001500                memcpy
 .text.memset   0x00001516       0x10 c:/program files (x86)/cypress/psoc creator/4.2/psoc creator/import/gnu/arm/5.4.1/bin/../lib/gcc/arm-none-eabi/5.4.1/../../../../arm-none-eabi/lib/armv7-m\libg_nano.a(lib_a-memset.o)
                0x00001516                memset
 *(.plt)
 *(.gnu.warning)
 *(.glue_7t)
 .glue_7t       0x00001526        0x0 linker stubs
 *(.glue_7)
 .glue_7        0x00001526        0x0 linker stubs
 *(.vfp11_veneer)
 .vfp11_veneer  0x00001526        0x0 linker stubs
 *(.bootloader)
 *(.ARM.extab* .gnu.linkonce.armextab.*)
 *(.gcc_except_table)

.v4_bx          0x00001528        0x0
 .v4_bx         0x00001528        0x0 linker stubs

.iplt           0x00001528        0x0
 .iplt          0x00001528        0x0 c:/program files (x86)/cypress/psoc creator/4.2/psoc creator/import/gnu/arm/5.4.1/bin/../lib/gcc/arm-none-eabi/5.4.1/armv7-m/crtbegin.o

.eh_frame_hdr
 *(.eh_frame_hdr)

.eh_frame       0x00001528        0x4
 *(.eh_frame)
 .eh_frame      0x00001528        0x0 c:/program files (x86)/cypress/psoc creator/4.2/psoc creator/import/gnu/arm/5.4.1/bin/../lib/gcc/arm-none-eabi/5.4.1/armv7-m/crtbegin.o
 .eh_frame      0x00001528        0x4 c:/program files (x86)/cypress/psoc creator/4.2/psoc creator/import/gnu/arm/5.4.1/bin/../lib/gcc/arm-none-eabi/5.4.1/armv7-m/crtend.o
                [!provide]                PROVIDE (__exidx_start, .)

.ARM.exidx
 *(.ARM.exidx* .gnu.linkonce.armexidx.*)
                0x0000152c                __exidx_end = .

.rodata         0x0000152c       0x74
 *(.rodata .rodata.* .gnu.linkonce.r.*)
 .rodata.str1.4
                0x0000152c        0x8 .\CortexM3\ARM_GCC_541\Debug\main.o
                                  0x5 (size before relaxing)
 .rodata        0x00001534       0x36 .\CortexM3\ARM_GCC_541\Debug\cyfitter_cfg.o
                0x00001534                ADC1_AMux__addrTable
                0x0000153c                ADC1_AMux__maskTable
 .rodata.str1.1
                0x0000156a        0x2 c:/program files (x86)/cypress/psoc creator/4.2/psoc creator/import/gnu/arm/5.4.1/bin/../lib/gcc/arm-none-eabi/5.4.1/../../../../arm-none-eabi/lib/armv7-m\libg_nano.a(lib_a-impure.o)
                0x0000156c                . = ALIGN (0x4)
 *(.init)
 .init          0x0000156c        0x4 c:/program files (x86)/cypress/psoc creator/4.2/psoc creator/import/gnu/arm/5.4.1/bin/../lib/gcc/arm-none-eabi/5.4.1/armv7-m/crti.o
                0x0000156c                _init
 .init          0x00001570        0x8 c:/program files (x86)/cypress/psoc creator/4.2/psoc creator/import/gnu/arm/5.4.1/bin/../lib/gcc/arm-none-eabi/5.4.1/armv7-m/crtn.o
                0x00001578                . = ALIGN (0x4)
                0x00001578                __preinit_array_start = .
 *(.preinit_array)
                0x00001578                __preinit_array_end = .
                0x00001578                . = ALIGN (0x4)
                0x00001578                __init_array_start = .
 *(SORT(.init_array.*))
 *(.init_array)
 .init_array    0x00001578        0x4 c:/program files (x86)/cypress/psoc creator/4.2/psoc creator/import/gnu/arm/5.4.1/bin/../lib/gcc/arm-none-eabi/5.4.1/armv7-m/crtbegin.o
 .init_array    0x0000157c        0x4 .\CortexM3\ARM_GCC_541\Debug\Cm3Start.o
                0x00001580                __init_array_end = .
                0x00001580                . = ALIGN (0x4)
 *(.fini)
 .fini          0x00001580        0x4 c:/program files (x86)/cypress/psoc creator/4.2/psoc creator/import/gnu/arm/5.4.1/bin/../lib/gcc/arm-none-eabi/5.4.1/armv7-m/crti.o
                0x00001580                _fini
 .fini          0x00001584        0x8 c:/program files (x86)/cypress/psoc creator/4.2/psoc creator/import/gnu/arm/5.4.1/bin/../lib/gcc/arm-none-eabi/5.4.1/armv7-m/crtn.o
                0x0000158c                . = ALIGN (0x4)
                0x0000158c                __fini_array_start = .
 *(.fini_array)
 .fini_array    0x0000158c        0x4 c:/program files (x86)/cypress/psoc creator/4.2/psoc creator/import/gnu/arm/5.4.1/bin/../lib/gcc/arm-none-eabi/5.4.1/armv7-m/crtbegin.o
 *(SORT(.fini_array.*))
                0x00001590                __fini_array_end = .
                0x00001590                . = ALIGN (0x4)
 *crtbegin.o(.ctors)
 *(EXCLUDE_FILE(*crtend.o) .ctors)
 *(SORT(.ctors.*))
 *crtend.o(.ctors)
                0x00001590                . = ALIGN (0x4)
 *crtbegin.o(.dtors)
 *(EXCLUDE_FILE(*crtend.o) .dtors)
 *(SORT(.dtors.*))
 *crtend.o(.dtors)
                0x00001590                . = ALIGN (0x4)
                0x00001590                __cy_regions = .
                0x00001590        0x4 LONG 0x15a0 __cy_region_init_ram
                0x00001594        0x4 LONG 0x1fff80c8 __cy_region_start_data
                0x00001598        0x4 LONG 0x80 __cy_region_init_size_ram
                0x0000159c        0x4 LONG 0x70 __cy_region_zero_size_ram
                0x000015a0                __cy_regions_end = .
                0x000015a0                . = ALIGN (0x8)
                0x000015a0                _etext = .

.cy_checksum_exclude
                0x000015a0        0x0
 *(.cy_checksum_exclude)

.ramvectors     0x1fff8000       0xc0
                0x1fff8000                __cy_region_start_ram = .
 *(.ramvectors)
 .ramvectors    0x1fff8000       0xc0 .\CortexM3\ARM_GCC_541\Debug\Cm3Start.o
                0x1fff8000                CyRamVectors

.noinit         0x1fff80c0        0x1
 *(.noinit)
 .noinit        0x1fff80c0        0x1 .\CortexM3\ARM_GCC_541\Debug\Design01.a(CyLib.o)
                0x1fff80c0                CyResetStatus

.data           0x1fff80c8       0x80 load address 0x000015a0
                0x1fff80c8                __cy_region_start_data = .
 *(.jcr)
 .jcr           0x1fff80c8        0x0 c:/program files (x86)/cypress/psoc creator/4.2/psoc creator/import/gnu/arm/5.4.1/bin/../lib/gcc/arm-none-eabi/5.4.1/armv7-m/crtbegin.o
 .jcr           0x1fff80c8        0x4 c:/program files (x86)/cypress/psoc creator/4.2/psoc creator/import/gnu/arm/5.4.1/bin/../lib/gcc/arm-none-eabi/5.4.1/armv7-m/crtend.o
 *(.got.plt)
 *(.got)
 *(.shdata)
 *(.data .data.* .gnu.linkonce.d.*)
 .data          0x1fff80cc        0x1 .\CortexM3\ARM_GCC_541\Debug\Design01.a(ADC1.o)
                0x1fff80cc                ADC1_Config
 *fill*         0x1fff80cd        0x3 
 .data          0x1fff80d0       0x10 .\CortexM3\ARM_GCC_541\Debug\Design01.a(CyLib.o)
                0x1fff80d0                cydelay_32k_ms
                0x1fff80d4                cydelay_freq_khz
                0x1fff80d8                cydelay_freq_mhz
                0x1fff80dc                cydelay_freq_hz
 .data          0x1fff80e0        0x1 .\CortexM3\ARM_GCC_541\Debug\Design01.a(ADC1_AMux.o)
 *fill*         0x1fff80e1        0x3 
 .data.impure_data
                0x1fff80e4       0x60 c:/program files (x86)/cypress/psoc creator/4.2/psoc creator/import/gnu/arm/5.4.1/bin/../lib/gcc/arm-none-eabi/5.4.1/../../../../arm-none-eabi/lib/armv7-m\libg_nano.a(lib_a-impure.o)
 .data._impure_ptr
                0x1fff8144        0x4 c:/program files (x86)/cypress/psoc creator/4.2/psoc creator/import/gnu/arm/5.4.1/bin/../lib/gcc/arm-none-eabi/5.4.1/../../../../arm-none-eabi/lib/armv7-m\libg_nano.a(lib_a-impure.o)
                0x1fff8144                _impure_ptr
                0x1fff8148                . = ALIGN (0x8)
 *(.ram)
                0x1fff8148                _edata = .

.igot.plt       0x1fff8148        0x0 load address 0x00001620
 .igot.plt      0x1fff8148        0x0 c:/program files (x86)/cypress/psoc creator/4.2/psoc creator/import/gnu/arm/5.4.1/bin/../lib/gcc/arm-none-eabi/5.4.1/armv7-m/crtbegin.o

.bss            0x1fff8148       0x70 load address 0x00001620
                0x1fff8148                PROVIDE (__bss_start__, .)
 *(.shbss)
 *(.bss .bss.* .gnu.linkonce.b.*)
 .bss           0x1fff8148       0x1c c:/program files (x86)/cypress/psoc creator/4.2/psoc creator/import/gnu/arm/5.4.1/bin/../lib/gcc/arm-none-eabi/5.4.1/armv7-m/crtbegin.o
 .bss           0x1fff8164        0x6 .\CortexM3\ARM_GCC_541\Debug\main.o
                0x1fff8164                distance
                0x1fff8168                resultado
 *fill*         0x1fff816a        0x2 
 .bss           0x1fff816c       0x18 .\CortexM3\ARM_GCC_541\Debug\Design01.a(ADC1.o)
                0x1fff817c                ADC1_stopConversion
                0x1fff817d                ADC1_convDone
                0x1fff817e                ADC1_initVar
                0x1fff817f                ADC1_started
                0x1fff8180                ADC1_Offset
 .bss           0x1fff8184        0x2 .\CortexM3\ARM_GCC_541\Debug\Design01.a(LCD.o)
                0x1fff8184                LCD_enableState
                0x1fff8185                LCD_initVar
 .bss           0x1fff8186        0x1 .\CortexM3\ARM_GCC_541\Debug\Design01.a(ADC2.o)
                0x1fff8186                ADC2_initVar
 *(COMMON)
 *fill*         0x1fff8187        0x1 
 COMMON         0x1fff8188       0x20 .\CortexM3\ARM_GCC_541\Debug\main.o
                0x1fff8188                data_Average
                0x1fff819c                index1
                0x1fff81a0                data
                0x1fff81a4                data_ref
 COMMON         0x1fff81a8        0x4 .\CortexM3\ARM_GCC_541\Debug\Design01.a(ADC1.o)
                0x1fff81a8                ADC1_CountsPerVolt
 COMMON         0x1fff81ac        0xa .\CortexM3\ARM_GCC_541\Debug\Design01.a(ADC2.o)
                0x1fff81ac                ADC2_countsPer10Volt
                0x1fff81b0                ADC2_countsPerVolt
                0x1fff81b2                ADC2_offset
                0x1fff81b4                ADC2_shift
                0x1fff81b8                . = ALIGN (0x8)
 *fill*         0x1fff81b6        0x2 
 *(.ram.b)
                0x1fff81b8                _end = .
                0x1fff81b8                __end = .
                0x1fff81b8                PROVIDE (end, .)
                0x1fff81b8                PROVIDE (__bss_end__, .)
                0x000015a0                __cy_region_init_ram = LOADADDR (.data)
                0x00000080                __cy_region_init_size_ram = (_edata - ADDR (.data))
                0x00000070                __cy_region_zero_size_ram = (_end - _edata)

.heap           0x1fff81b8       0x80 load address 0x00001620
                0x1fff81b8                . = _end
                0x1fff8238                . = (. + 0x80)
 *fill*         0x1fff81b8       0x80 
                0x1fff8238                __cy_heap_limit = .

.stack          0x20007800      0x800
                0x20007800                __cy_stack_limit = .
                0x20008000                . = (. + 0x800)
 *fill*         0x20007800      0x800 
                0x00000001                ASSERT ((__cy_stack_limit >= __cy_heap_limit), region RAM overflowed with stack)
                0x00000000                cy_checksum_exclude_size = (CY_APPL_LOADABLE == 0x1)?SIZEOF (.cy_checksum_exclude):0x0
                0x00000001                ASSERT ((cy_checksum_exclude_size <= CY_CHECKSUM_EXCLUDE_SIZE), CY_BOOT: Section .cy_checksum_exclude size exceedes specified limit.)

.cyloadermeta
 *(.cyloadermeta)

.cyloadablemeta
 *(.cyloadablemeta)

.cyconfigecc    0x80000000       0xc4
 *(.cyconfigecc)
 .cyconfigecc   0x80000000       0xc4 .\CortexM3\ARM_GCC_541\Debug\cymetadata.o
                0x80000000                cy_meta_configecc

.cycustnvl      0x90000000        0x4
 *(.cycustnvl)
 .cycustnvl     0x90000000        0x4 .\CortexM3\ARM_GCC_541\Debug\cymetadata.o
                0x90000000                cy_meta_custnvl

.cywolatch      0x90100000        0x4
 *(.cywolatch)
 .cywolatch     0x90100000        0x4 .\CortexM3\ARM_GCC_541\Debug\cymetadata.o
                0x90100000                cy_meta_wonvl

.cyeeprom       0x90200000        0x0
 *(.cyeeprom)
                0x00000001                ASSERT ((. <= ((0x90200000 + ee_offset) + ee_size)), .cyeeprom data will not fit in EEPROM)

.cyflashprotect
                0x90400000      0x100
 *(.cyflashprotect)
 .cyflashprotect
                0x90400000      0x100 .\CortexM3\ARM_GCC_541\Debug\cymetadata.o
                0x90400000                cy_meta_flashprotect

.cymeta         0x90500000        0xc
 *(.cymeta)
 .cymeta        0x90500000        0xc .\CortexM3\ARM_GCC_541\Debug\cymetadata.o
                0x90500000                cy_metadata

.rel.dyn        0x00001620        0x0 load address 0x9050000c
 .rel.iplt      0x00001620        0x0 c:/program files (x86)/cypress/psoc creator/4.2/psoc creator/import/gnu/arm/5.4.1/bin/../lib/gcc/arm-none-eabi/5.4.1/armv7-m/crtbegin.o

.stab
 *(.stab)

.stabstr
 *(.stabstr)

.debug
 *(.debug)

.line
 *(.line)

.debug_srcinfo
 *(.debug_srcinfo)

.debug_sfnames
 *(.debug_sfnames)

.debug_aranges  0x00000000      0x978
 *(.debug_aranges)
 .debug_aranges
                0x00000000       0x30 .\CortexM3\ARM_GCC_541\Debug\main.o
 .debug_aranges
                0x00000030       0x68 .\CortexM3\ARM_GCC_541\Debug\cyfitter_cfg.o
 .debug_aranges
                0x00000098       0x18 .\CortexM3\ARM_GCC_541\Debug\cymetadata.o
 .debug_aranges
                0x000000b0       0x48 .\CortexM3\ARM_GCC_541\Debug\Cm3Start.o
 .debug_aranges
                0x000000f8       0xe8 .\CortexM3\ARM_GCC_541\Debug\Design01.a(ADC1.o)
 .debug_aranges
                0x000001e0       0x38 .\CortexM3\ARM_GCC_541\Debug\Design01.a(ADC1_INT.o)
 .debug_aranges
                0x00000218       0x70 .\CortexM3\ARM_GCC_541\Debug\Design01.a(ADC1_Ext_CP_Clk.o)
 .debug_aranges
                0x00000288       0x80 .\CortexM3\ARM_GCC_541\Debug\Design01.a(ADC1_theACLK.o)
 .debug_aranges
                0x00000308      0x2a0 .\CortexM3\ARM_GCC_541\Debug\Design01.a(CyLib.o)
 .debug_aranges
                0x000005a8       0x98 .\CortexM3\ARM_GCC_541\Debug\Design01.a(cyPm.o)
 .debug_aranges
                0x00000640       0x30 .\CortexM3\ARM_GCC_541\Debug\Design01.a(ADC1_AMux.o)
 .debug_aranges
                0x00000670       0x98 .\CortexM3\ARM_GCC_541\Debug\Design01.a(LCD.o)
 .debug_aranges
                0x00000708       0xa8 .\CortexM3\ARM_GCC_541\Debug\Design01.a(ADC2.o)
 .debug_aranges
                0x000007b0       0x20 .\CortexM3\ARM_GCC_541\Debug\Design01.a(ADC2_INT.o)
 .debug_aranges
                0x000007d0       0x80 .\CortexM3\ARM_GCC_541\Debug\Design01.a(ADC2_theACLK.o)
 .debug_aranges
                0x00000850       0x20 .\CortexM3\ARM_GCC_541\Debug\Design01.a(CyBootAsmGnu.o)
 .debug_aranges
                0x00000870       0x88 .\CortexM3\ARM_GCC_541\Debug\Design01.a(CyFlash.o)
 .debug_aranges
                0x000008f8       0x80 .\CortexM3\ARM_GCC_541\Debug\Design01.a(CySpc.o)

.debug_pubnames
 *(.debug_pubnames)

.debug_info     0x00000000     0x5bd4
 *(.debug_info .gnu.linkonce.wi.*)
 .debug_info    0x00000000      0x35c .\CortexM3\ARM_GCC_541\Debug\main.o
 .debug_info    0x0000035c      0x61f .\CortexM3\ARM_GCC_541\Debug\cyfitter_cfg.o
 .debug_info    0x0000097b      0x134 .\CortexM3\ARM_GCC_541\Debug\cymetadata.o
 .debug_info    0x00000aaf      0x3bb .\CortexM3\ARM_GCC_541\Debug\Cm3Start.o
 .debug_info    0x00000e6a      0xbf3 .\CortexM3\ARM_GCC_541\Debug\Design01.a(ADC1.o)
 .debug_info    0x00001a5d       0xd3 .\CortexM3\ARM_GCC_541\Debug\Design01.a(ADC1_INT.o)
 .debug_info    0x00001b30      0x283 .\CortexM3\ARM_GCC_541\Debug\Design01.a(ADC1_Ext_CP_Clk.o)
 .debug_info    0x00001db3      0x2c4 .\CortexM3\ARM_GCC_541\Debug\Design01.a(ADC1_theACLK.o)
 .debug_info    0x00002077     0x1374 .\CortexM3\ARM_GCC_541\Debug\Design01.a(CyLib.o)
 .debug_info    0x000033eb      0xa2a .\CortexM3\ARM_GCC_541\Debug\Design01.a(cyPm.o)
 .debug_info    0x00003e15      0x165 .\CortexM3\ARM_GCC_541\Debug\Design01.a(ADC1_AMux.o)
 .debug_info    0x00003f7a      0x715 .\CortexM3\ARM_GCC_541\Debug\Design01.a(LCD.o)
 .debug_info    0x0000468f      0x5c0 .\CortexM3\ARM_GCC_541\Debug\Design01.a(ADC2.o)
 .debug_info    0x00004c4f       0x92 .\CortexM3\ARM_GCC_541\Debug\Design01.a(ADC2_INT.o)
 .debug_info    0x00004ce1      0x2c4 .\CortexM3\ARM_GCC_541\Debug\Design01.a(ADC2_theACLK.o)
 .debug_info    0x00004fa5       0x92 .\CortexM3\ARM_GCC_541\Debug\Design01.a(CyBootAsmGnu.o)
 .debug_info    0x00005037      0x64d .\CortexM3\ARM_GCC_541\Debug\Design01.a(CyFlash.o)
 .debug_info    0x00005684      0x550 .\CortexM3\ARM_GCC_541\Debug\Design01.a(CySpc.o)

.debug_abbrev   0x00000000     0x1664
 *(.debug_abbrev)
 .debug_abbrev  0x00000000      0x133 .\CortexM3\ARM_GCC_541\Debug\main.o
 .debug_abbrev  0x00000133      0x21e .\CortexM3\ARM_GCC_541\Debug\cyfitter_cfg.o
 .debug_abbrev  0x00000351       0x5d .\CortexM3\ARM_GCC_541\Debug\cymetadata.o
 .debug_abbrev  0x000003ae      0x1e8 .\CortexM3\ARM_GCC_541\Debug\Cm3Start.o
 .debug_abbrev  0x00000596      0x1cd .\CortexM3\ARM_GCC_541\Debug\Design01.a(ADC1.o)
 .debug_abbrev  0x00000763       0x42 .\CortexM3\ARM_GCC_541\Debug\Design01.a(ADC1_INT.o)
 .debug_abbrev  0x000007a5      0x139 .\CortexM3\ARM_GCC_541\Debug\Design01.a(ADC1_Ext_CP_Clk.o)
 .debug_abbrev  0x000008de      0x121 .\CortexM3\ARM_GCC_541\Debug\Design01.a(ADC1_theACLK.o)
 .debug_abbrev  0x000009ff      0x254 .\CortexM3\ARM_GCC_541\Debug\Design01.a(CyLib.o)
 .debug_abbrev  0x00000c53      0x1ab .\CortexM3\ARM_GCC_541\Debug\Design01.a(cyPm.o)
 .debug_abbrev  0x00000dfe       0xb1 .\CortexM3\ARM_GCC_541\Debug\Design01.a(ADC1_AMux.o)
 .debug_abbrev  0x00000eaf      0x157 .\CortexM3\ARM_GCC_541\Debug\Design01.a(LCD.o)
 .debug_abbrev  0x00001006      0x1ac .\CortexM3\ARM_GCC_541\Debug\Design01.a(ADC2.o)
 .debug_abbrev  0x000011b2       0x42 .\CortexM3\ARM_GCC_541\Debug\Design01.a(ADC2_INT.o)
 .debug_abbrev  0x000011f4      0x121 .\CortexM3\ARM_GCC_541\Debug\Design01.a(ADC2_theACLK.o)
 .debug_abbrev  0x00001315       0x14 .\CortexM3\ARM_GCC_541\Debug\Design01.a(CyBootAsmGnu.o)
 .debug_abbrev  0x00001329      0x1a7 .\CortexM3\ARM_GCC_541\Debug\Design01.a(CyFlash.o)
 .debug_abbrev  0x000014d0      0x194 .\CortexM3\ARM_GCC_541\Debug\Design01.a(CySpc.o)

.debug_line     0x00000000     0x25f8
 *(.debug_line)
 .debug_line    0x00000000      0x211 .\CortexM3\ARM_GCC_541\Debug\main.o
 .debug_line    0x00000211      0x211 .\CortexM3\ARM_GCC_541\Debug\cyfitter_cfg.o
 .debug_line    0x00000422      0x141 .\CortexM3\ARM_GCC_541\Debug\cymetadata.o
 .debug_line    0x00000563      0x234 .\CortexM3\ARM_GCC_541\Debug\Cm3Start.o
 .debug_line    0x00000797      0x3db .\CortexM3\ARM_GCC_541\Debug\Design01.a(ADC1.o)
 .debug_line    0x00000b72       0x81 .\CortexM3\ARM_GCC_541\Debug\Design01.a(ADC1_INT.o)
 .debug_line    0x00000bf3      0x17e .\CortexM3\ARM_GCC_541\Debug\Design01.a(ADC1_Ext_CP_Clk.o)
 .debug_line    0x00000d71      0x19e .\CortexM3\ARM_GCC_541\Debug\Design01.a(ADC1_theACLK.o)
 .debug_line    0x00000f0f      0x816 .\CortexM3\ARM_GCC_541\Debug\Design01.a(CyLib.o)
 .debug_line    0x00001725      0x367 .\CortexM3\ARM_GCC_541\Debug\Design01.a(cyPm.o)
 .debug_line    0x00001a8c       0xad .\CortexM3\ARM_GCC_541\Debug\Design01.a(ADC1_AMux.o)
 .debug_line    0x00001b39      0x1dc .\CortexM3\ARM_GCC_541\Debug\Design01.a(LCD.o)
 .debug_line    0x00001d15      0x214 .\CortexM3\ARM_GCC_541\Debug\Design01.a(ADC2.o)
 .debug_line    0x00001f29       0x51 .\CortexM3\ARM_GCC_541\Debug\Design01.a(ADC2_INT.o)
 .debug_line    0x00001f7a      0x19e .\CortexM3\ARM_GCC_541\Debug\Design01.a(ADC2_theACLK.o)
 .debug_line    0x00002118       0x66 .\CortexM3\ARM_GCC_541\Debug\Design01.a(CyBootAsmGnu.o)
 .debug_line    0x0000217e      0x21a .\CortexM3\ARM_GCC_541\Debug\Design01.a(CyFlash.o)
 .debug_line    0x00002398      0x260 .\CortexM3\ARM_GCC_541\Debug\Design01.a(CySpc.o)

.debug_frame    0x00000000     0x1984
 *(.debug_frame)
 .debug_frame   0x00000000       0x58 .\CortexM3\ARM_GCC_541\Debug\main.o
 .debug_frame   0x00000058      0x11c .\CortexM3\ARM_GCC_541\Debug\cyfitter_cfg.o
 .debug_frame   0x00000174       0xb8 .\CortexM3\ARM_GCC_541\Debug\Cm3Start.o
 .debug_frame   0x0000022c      0x290 .\CortexM3\ARM_GCC_541\Debug\Design01.a(ADC1.o)
 .debug_frame   0x000004bc       0x50 .\CortexM3\ARM_GCC_541\Debug\Design01.a(ADC1_INT.o)
 .debug_frame   0x0000050c       0xe0 .\CortexM3\ARM_GCC_541\Debug\Design01.a(ADC1_Ext_CP_Clk.o)
 .debug_frame   0x000005ec      0x100 .\CortexM3\ARM_GCC_541\Debug\Design01.a(ADC1_theACLK.o)
 .debug_frame   0x000006ec      0x738 .\CortexM3\ARM_GCC_541\Debug\Design01.a(CyLib.o)
 .debug_frame   0x00000e24      0x1f8 .\CortexM3\ARM_GCC_541\Debug\Design01.a(cyPm.o)
 .debug_frame   0x0000101c       0x64 .\CortexM3\ARM_GCC_541\Debug\Design01.a(ADC1_AMux.o)
 .debug_frame   0x00001080      0x1e8 .\CortexM3\ARM_GCC_541\Debug\Design01.a(LCD.o)
 .debug_frame   0x00001268      0x1b0 .\CortexM3\ARM_GCC_541\Debug\Design01.a(ADC2.o)
 .debug_frame   0x00001418       0x20 .\CortexM3\ARM_GCC_541\Debug\Design01.a(ADC2_INT.o)
 .debug_frame   0x00001438      0x100 .\CortexM3\ARM_GCC_541\Debug\Design01.a(ADC2_theACLK.o)
 .debug_frame   0x00001538      0x194 .\CortexM3\ARM_GCC_541\Debug\Design01.a(CyFlash.o)
 .debug_frame   0x000016cc      0x180 .\CortexM3\ARM_GCC_541\Debug\Design01.a(CySpc.o)
 .debug_frame   0x0000184c       0x44 c:/program files (x86)/cypress/psoc creator/4.2/psoc creator/import/gnu/arm/5.4.1/bin/../lib/gcc/arm-none-eabi/5.4.1/armv7-m\libgcc.a(_aeabi_ldivmod.o)
 .debug_frame   0x00001890       0x38 c:/program files (x86)/cypress/psoc creator/4.2/psoc creator/import/gnu/arm/5.4.1/bin/../lib/gcc/arm-none-eabi/5.4.1/armv7-m\libgcc.a(_udivmoddi4.o)
 .debug_frame   0x000018c8       0x20 c:/program files (x86)/cypress/psoc creator/4.2/psoc creator/import/gnu/arm/5.4.1/bin/../lib/gcc/arm-none-eabi/5.4.1/../../../../arm-none-eabi/lib/armv7-m\libg_nano.a(lib_a-errno.o)
 .debug_frame   0x000018e8       0x28 c:/program files (x86)/cypress/psoc creator/4.2/psoc creator/import/gnu/arm/5.4.1/bin/../lib/gcc/arm-none-eabi/5.4.1/../../../../arm-none-eabi/lib/armv7-m\libg_nano.a(lib_a-exit.o)
 .debug_frame   0x00001910       0x2c c:/program files (x86)/cypress/psoc creator/4.2/psoc creator/import/gnu/arm/5.4.1/bin/../lib/gcc/arm-none-eabi/5.4.1/../../../../arm-none-eabi/lib/armv7-m\libg_nano.a(lib_a-init.o)
 .debug_frame   0x0000193c       0x28 c:/program files (x86)/cypress/psoc creator/4.2/psoc creator/import/gnu/arm/5.4.1/bin/../lib/gcc/arm-none-eabi/5.4.1/../../../../arm-none-eabi/lib/armv7-m\libg_nano.a(lib_a-memcpy-stub.o)
 .debug_frame   0x00001964       0x20 c:/program files (x86)/cypress/psoc creator/4.2/psoc creator/import/gnu/arm/5.4.1/bin/../lib/gcc/arm-none-eabi/5.4.1/../../../../arm-none-eabi/lib/armv7-m\libg_nano.a(lib_a-memset.o)

.debug_str      0x00000000     0x1f48
 *(.debug_str)
 .debug_str     0x00000000      0x2b4 .\CortexM3\ARM_GCC_541\Debug\main.o
                                0x301 (size before relaxing)
 .debug_str     0x000002b4      0x1c0 .\CortexM3\ARM_GCC_541\Debug\cyfitter_cfg.o
                                0x36b (size before relaxing)
 .debug_str     0x00000474       0x7f .\CortexM3\ARM_GCC_541\Debug\cymetadata.o
                                0x1e6 (size before relaxing)
 .debug_str     0x000004f3      0x144 .\CortexM3\ARM_GCC_541\Debug\Cm3Start.o
                                0x30c (size before relaxing)
 .debug_str     0x00000637      0x3a4 .\CortexM3\ARM_GCC_541\Debug\Design01.a(ADC1.o)
                                0x5f4 (size before relaxing)
 .debug_str     0x000009db       0x4a .\CortexM3\ARM_GCC_541\Debug\Design01.a(ADC1_INT.o)
                                0x1c7 (size before relaxing)
 .debug_str     0x00000a25      0x17d .\CortexM3\ARM_GCC_541\Debug\Design01.a(ADC1_Ext_CP_Clk.o)
                                0x350 (size before relaxing)
 .debug_str     0x00000ba2      0x15b .\CortexM3\ARM_GCC_541\Debug\Design01.a(ADC1_theACLK.o)
                                0x371 (size before relaxing)
 .debug_str     0x00000cfd      0x7ef .\CortexM3\ARM_GCC_541\Debug\Design01.a(CyLib.o)
                                0xa49 (size before relaxing)
 .debug_str     0x000014ec      0x365 .\CortexM3\ARM_GCC_541\Debug\Design01.a(cyPm.o)
                                0x735 (size before relaxing)
 .debug_str     0x00001851       0x63 .\CortexM3\ARM_GCC_541\Debug\Design01.a(ADC1_AMux.o)
                                0x208 (size before relaxing)
 .debug_str     0x000018b4      0x128 .\CortexM3\ARM_GCC_541\Debug\Design01.a(LCD.o)
                                0x32d (size before relaxing)
 .debug_str     0x000019dc      0x168 .\CortexM3\ARM_GCC_541\Debug\Design01.a(ADC2.o)
                                0x442 (size before relaxing)
 .debug_str     0x00001b44       0x2b .\CortexM3\ARM_GCC_541\Debug\Design01.a(ADC2_INT.o)
                                0x193 (size before relaxing)
 .debug_str     0x00001b6f      0x172 .\CortexM3\ARM_GCC_541\Debug\Design01.a(ADC2_theACLK.o)
                                0x371 (size before relaxing)
 .debug_str     0x00001ce1      0x1bb .\CortexM3\ARM_GCC_541\Debug\Design01.a(CyFlash.o)
                                0x3c2 (size before relaxing)
 .debug_str     0x00001e9c       0xac .\CortexM3\ARM_GCC_541\Debug\Design01.a(CySpc.o)
                                0x33a (size before relaxing)

.debug_loc      0x00000000     0x2bca
 *(.debug_loc)
 .debug_loc     0x00000000       0x5c .\CortexM3\ARM_GCC_541\Debug\main.o
 .debug_loc     0x0000005c      0x23f .\CortexM3\ARM_GCC_541\Debug\cyfitter_cfg.o
 .debug_loc     0x0000029b      0x144 .\CortexM3\ARM_GCC_541\Debug\Cm3Start.o
 .debug_loc     0x000003df      0x6b6 .\CortexM3\ARM_GCC_541\Debug\Design01.a(ADC1.o)
 .debug_loc     0x00000a95      0x12c .\CortexM3\ARM_GCC_541\Debug\Design01.a(ADC1_Ext_CP_Clk.o)
 .debug_loc     0x00000bc1      0x149 .\CortexM3\ARM_GCC_541\Debug\Design01.a(ADC1_theACLK.o)
 .debug_loc     0x00000d0a      0xa11 .\CortexM3\ARM_GCC_541\Debug\Design01.a(CyLib.o)
 .debug_loc     0x0000171b      0x1e4 .\CortexM3\ARM_GCC_541\Debug\Design01.a(cyPm.o)
 .debug_loc     0x000018ff       0x6c .\CortexM3\ARM_GCC_541\Debug\Design01.a(ADC1_AMux.o)
 .debug_loc     0x0000196b      0x3c6 .\CortexM3\ARM_GCC_541\Debug\Design01.a(LCD.o)
 .debug_loc     0x00001d31      0x295 .\CortexM3\ARM_GCC_541\Debug\Design01.a(ADC2.o)
 .debug_loc     0x00001fc6      0x14d .\CortexM3\ARM_GCC_541\Debug\Design01.a(ADC2_theACLK.o)
 .debug_loc     0x00002113      0x3b2 .\CortexM3\ARM_GCC_541\Debug\Design01.a(CyFlash.o)
 .debug_loc     0x000024c5      0x705 .\CortexM3\ARM_GCC_541\Debug\Design01.a(CySpc.o)

.debug_macinfo
 *(.debug_macinfo)

.debug_ranges   0x00000000      0x858
 *(.debug_ranges)
 .debug_ranges  0x00000000       0x38 .\CortexM3\ARM_GCC_541\Debug\main.o
 .debug_ranges  0x00000038       0x58 .\CortexM3\ARM_GCC_541\Debug\cyfitter_cfg.o
 .debug_ranges  0x00000090       0x38 .\CortexM3\ARM_GCC_541\Debug\Cm3Start.o
 .debug_ranges  0x000000c8       0xd8 .\CortexM3\ARM_GCC_541\Debug\Design01.a(ADC1.o)
 .debug_ranges  0x000001a0       0x28 .\CortexM3\ARM_GCC_541\Debug\Design01.a(ADC1_INT.o)
 .debug_ranges  0x000001c8       0x60 .\CortexM3\ARM_GCC_541\Debug\Design01.a(ADC1_Ext_CP_Clk.o)
 .debug_ranges  0x00000228       0x70 .\CortexM3\ARM_GCC_541\Debug\Design01.a(ADC1_theACLK.o)
 .debug_ranges  0x00000298      0x290 .\CortexM3\ARM_GCC_541\Debug\Design01.a(CyLib.o)
 .debug_ranges  0x00000528       0x88 .\CortexM3\ARM_GCC_541\Debug\Design01.a(cyPm.o)
 .debug_ranges  0x000005b0       0x20 .\CortexM3\ARM_GCC_541\Debug\Design01.a(ADC1_AMux.o)
 .debug_ranges  0x000005d0       0x88 .\CortexM3\ARM_GCC_541\Debug\Design01.a(LCD.o)
 .debug_ranges  0x00000658       0x98 .\CortexM3\ARM_GCC_541\Debug\Design01.a(ADC2.o)
 .debug_ranges  0x000006f0       0x10 .\CortexM3\ARM_GCC_541\Debug\Design01.a(ADC2_INT.o)
 .debug_ranges  0x00000700       0x70 .\CortexM3\ARM_GCC_541\Debug\Design01.a(ADC2_theACLK.o)
 .debug_ranges  0x00000770       0x78 .\CortexM3\ARM_GCC_541\Debug\Design01.a(CyFlash.o)
 .debug_ranges  0x000007e8       0x70 .\CortexM3\ARM_GCC_541\Debug\Design01.a(CySpc.o)

.comment        0x00000000       0x6e
 .comment       0x00000000       0x6e .\CortexM3\ARM_GCC_541\Debug\main.o
                                 0x6f (size before relaxing)
 .comment       0x0000006e       0x6f .\CortexM3\ARM_GCC_541\Debug\cyfitter_cfg.o
 .comment       0x0000006e       0x6f .\CortexM3\ARM_GCC_541\Debug\cymetadata.o
 .comment       0x0000006e       0x6f .\CortexM3\ARM_GCC_541\Debug\Cm3Start.o
 .comment       0x0000006e       0x6f .\CortexM3\ARM_GCC_541\Debug\Design01.a(ADC1.o)
 .comment       0x0000006e       0x6f .\CortexM3\ARM_GCC_541\Debug\Design01.a(ADC1_INT.o)
 .comment       0x0000006e       0x6f .\CortexM3\ARM_GCC_541\Debug\Design01.a(ADC1_Ext_CP_Clk.o)
 .comment       0x0000006e       0x6f .\CortexM3\ARM_GCC_541\Debug\Design01.a(ADC1_theACLK.o)
 .comment       0x0000006e       0x6f .\CortexM3\ARM_GCC_541\Debug\Design01.a(CyLib.o)
 .comment       0x0000006e       0x6f .\CortexM3\ARM_GCC_541\Debug\Design01.a(cyPm.o)
 .comment       0x0000006e       0x6f .\CortexM3\ARM_GCC_541\Debug\Design01.a(ADC1_AMux.o)
 .comment       0x0000006e       0x6f .\CortexM3\ARM_GCC_541\Debug\Design01.a(LCD.o)
 .comment       0x0000006e       0x6f .\CortexM3\ARM_GCC_541\Debug\Design01.a(ADC2.o)
 .comment       0x0000006e       0x6f .\CortexM3\ARM_GCC_541\Debug\Design01.a(ADC2_INT.o)
 .comment       0x0000006e       0x6f .\CortexM3\ARM_GCC_541\Debug\Design01.a(ADC2_theACLK.o)
 .comment       0x0000006e       0x6f .\CortexM3\ARM_GCC_541\Debug\Design01.a(CyFlash.o)
 .comment       0x0000006e       0x6f .\CortexM3\ARM_GCC_541\Debug\Design01.a(CySpc.o)

.debug_weaknames
 *(.debug_weaknames)

.debug_funcnames
 *(.debug_funcnames)

.debug_typenames
 *(.debug_typenames)

.debug_varnames
 *(.debug_varnames)

.note.gnu.arm.ident
 *(.note.gnu.arm.ident)

.ARM.attributes
                0x00000000       0x29
 *(.ARM.attributes)
 .ARM.attributes
                0x00000000       0x1d c:/program files (x86)/cypress/psoc creator/4.2/psoc creator/import/gnu/arm/5.4.1/bin/../lib/gcc/arm-none-eabi/5.4.1/armv7-m/crti.o
 .ARM.attributes
                0x0000001d       0x2d c:/program files (x86)/cypress/psoc creator/4.2/psoc creator/import/gnu/arm/5.4.1/bin/../lib/gcc/arm-none-eabi/5.4.1/armv7-m/crtbegin.o
 .ARM.attributes
                0x0000004a       0x1b c:/program files (x86)/cypress/psoc creator/4.2/psoc creator/import/gnu/arm/5.4.1/bin/../lib/gcc/arm-none-eabi/5.4.1/../../../../arm-none-eabi/lib/armv7-m/crt0.o
 .ARM.attributes
                0x00000065       0x33 .\CortexM3\ARM_GCC_541\Debug\main.o
 .ARM.attributes
                0x00000098       0x33 .\CortexM3\ARM_GCC_541\Debug\cyfitter_cfg.o
 .ARM.attributes
                0x000000cb       0x33 .\CortexM3\ARM_GCC_541\Debug\cymetadata.o
 .ARM.attributes
                0x000000fe       0x33 .\CortexM3\ARM_GCC_541\Debug\Cm3Start.o
 .ARM.attributes
                0x00000131       0x33 .\CortexM3\ARM_GCC_541\Debug\Design01.a(ADC1.o)
 .ARM.attributes
                0x00000164       0x33 .\CortexM3\ARM_GCC_541\Debug\Design01.a(ADC1_INT.o)
 .ARM.attributes
                0x00000197       0x33 .\CortexM3\ARM_GCC_541\Debug\Design01.a(ADC1_Ext_CP_Clk.o)
 .ARM.attributes
                0x000001ca       0x33 .\CortexM3\ARM_GCC_541\Debug\Design01.a(ADC1_theACLK.o)
 .ARM.attributes
                0x000001fd       0x33 .\CortexM3\ARM_GCC_541\Debug\Design01.a(CyLib.o)
 .ARM.attributes
                0x00000230       0x33 .\CortexM3\ARM_GCC_541\Debug\Design01.a(cyPm.o)
 .ARM.attributes
                0x00000263       0x33 .\CortexM3\ARM_GCC_541\Debug\Design01.a(ADC1_AMux.o)
 .ARM.attributes
                0x00000296       0x33 .\CortexM3\ARM_GCC_541\Debug\Design01.a(LCD.o)
 .ARM.attributes
                0x000002c9       0x33 .\CortexM3\ARM_GCC_541\Debug\Design01.a(ADC2.o)
 .ARM.attributes
                0x000002fc       0x33 .\CortexM3\ARM_GCC_541\Debug\Design01.a(ADC2_INT.o)
 .ARM.attributes
                0x0000032f       0x33 .\CortexM3\ARM_GCC_541\Debug\Design01.a(ADC2_theACLK.o)
 .ARM.attributes
                0x00000362       0x21 .\CortexM3\ARM_GCC_541\Debug\Design01.a(CyBootAsmGnu.o)
 .ARM.attributes
                0x00000383       0x33 .\CortexM3\ARM_GCC_541\Debug\Design01.a(CyFlash.o)
 .ARM.attributes
                0x000003b6       0x33 .\CortexM3\ARM_GCC_541\Debug\Design01.a(CySpc.o)
 .ARM.attributes
                0x000003e9       0x1d c:/program files (x86)/cypress/psoc creator/4.2/psoc creator/import/gnu/arm/5.4.1/bin/../lib/gcc/arm-none-eabi/5.4.1/armv7-m\libgcc.a(_arm_addsubdf3.o)
 .ARM.attributes
                0x00000406       0x1d c:/program files (x86)/cypress/psoc creator/4.2/psoc creator/import/gnu/arm/5.4.1/bin/../lib/gcc/arm-none-eabi/5.4.1/armv7-m\libgcc.a(_arm_cmpdf2.o)
 .ARM.attributes
                0x00000423       0x1d c:/program files (x86)/cypress/psoc creator/4.2/psoc creator/import/gnu/arm/5.4.1/bin/../lib/gcc/arm-none-eabi/5.4.1/armv7-m\libgcc.a(_arm_addsubsf3.o)
 .ARM.attributes
                0x00000440       0x1d c:/program files (x86)/cypress/psoc creator/4.2/psoc creator/import/gnu/arm/5.4.1/bin/../lib/gcc/arm-none-eabi/5.4.1/armv7-m\libgcc.a(_arm_muldivsf3.o)
 .ARM.attributes
                0x0000045d       0x1d c:/program files (x86)/cypress/psoc creator/4.2/psoc creator/import/gnu/arm/5.4.1/bin/../lib/gcc/arm-none-eabi/5.4.1/armv7-m\libgcc.a(_arm_fixsfsi.o)
 .ARM.attributes
                0x0000047a       0x1d c:/program files (x86)/cypress/psoc creator/4.2/psoc creator/import/gnu/arm/5.4.1/bin/../lib/gcc/arm-none-eabi/5.4.1/armv7-m\libgcc.a(_arm_fixunssfsi.o)
 .ARM.attributes
                0x00000497       0x1d c:/program files (x86)/cypress/psoc creator/4.2/psoc creator/import/gnu/arm/5.4.1/bin/../lib/gcc/arm-none-eabi/5.4.1/armv7-m\libgcc.a(_aeabi_ldivmod.o)
 .ARM.attributes
                0x000004b4       0x2d c:/program files (x86)/cypress/psoc creator/4.2/psoc creator/import/gnu/arm/5.4.1/bin/../lib/gcc/arm-none-eabi/5.4.1/armv7-m\libgcc.a(_udivmoddi4.o)
 .ARM.attributes
                0x000004e1       0x1d c:/program files (x86)/cypress/psoc creator/4.2/psoc creator/import/gnu/arm/5.4.1/bin/../lib/gcc/arm-none-eabi/5.4.1/armv7-m\libgcc.a(_dvmd_tls.o)
 .ARM.attributes
                0x000004fe       0x2d c:/program files (x86)/cypress/psoc creator/4.2/psoc creator/import/gnu/arm/5.4.1/bin/../lib/gcc/arm-none-eabi/5.4.1/../../../../arm-none-eabi/lib/armv7-m\libg_nano.a(lib_a-errno.o)
 .ARM.attributes
                0x0000052b       0x2d c:/program files (x86)/cypress/psoc creator/4.2/psoc creator/import/gnu/arm/5.4.1/bin/../lib/gcc/arm-none-eabi/5.4.1/../../../../arm-none-eabi/lib/armv7-m\libg_nano.a(lib_a-exit.o)
 .ARM.attributes
                0x00000558       0x2d c:/program files (x86)/cypress/psoc creator/4.2/psoc creator/import/gnu/arm/5.4.1/bin/../lib/gcc/arm-none-eabi/5.4.1/../../../../arm-none-eabi/lib/armv7-m\libg_nano.a(lib_a-impure.o)
 .ARM.attributes
                0x00000585       0x2d c:/program files (x86)/cypress/psoc creator/4.2/psoc creator/import/gnu/arm/5.4.1/bin/../lib/gcc/arm-none-eabi/5.4.1/../../../../arm-none-eabi/lib/armv7-m\libg_nano.a(lib_a-init.o)
 .ARM.attributes
                0x000005b2       0x2d c:/program files (x86)/cypress/psoc creator/4.2/psoc creator/import/gnu/arm/5.4.1/bin/../lib/gcc/arm-none-eabi/5.4.1/../../../../arm-none-eabi/lib/armv7-m\libg_nano.a(lib_a-memcpy-stub.o)
 .ARM.attributes
                0x000005df       0x2d c:/program files (x86)/cypress/psoc creator/4.2/psoc creator/import/gnu/arm/5.4.1/bin/../lib/gcc/arm-none-eabi/5.4.1/../../../../arm-none-eabi/lib/armv7-m\libg_nano.a(lib_a-memset.o)
 .ARM.attributes
                0x0000060c       0x2d c:/program files (x86)/cypress/psoc creator/4.2/psoc creator/import/gnu/arm/5.4.1/bin/../lib/gcc/arm-none-eabi/5.4.1/armv7-m/crtend.o
 .ARM.attributes
                0x00000639       0x1d c:/program files (x86)/cypress/psoc creator/4.2/psoc creator/import/gnu/arm/5.4.1/bin/../lib/gcc/arm-none-eabi/5.4.1/armv7-m/crtn.o

/DISCARD/
 *(.note.GNU-stack)
OUTPUT(C:\Users\santa\OneDrive\Documentos\PSoC Creator\Lab4\Design01.cydsn\CortexM3\ARM_GCC_541\Debug\Design01.elf elf32-littlearm)
